[0;33m> data/1-leg-bish-knight.txt[0m
    a     b     c     d     e     f     g     h    
 +-----+-----+-----+-----+-----+-----+-----+-----+
 |  ♖  |  ♘  |  ♗  |  ♕  |  ♔  |  ♗  |  ♘  |  ♖  | 8
 +-----+-----+-----+-----+-----+-----+-----+-----+
 |  ♙  |  ♙  |  ♙  |  ♙  |  ♙  |  ♙  |  ♙  |  ♙  | 7
 +-----+-----+-----+-----+-----+-----+-----+-----+
 |     |     |     |     |     |     |     |     | 6
 +-----+-----+-----+-----+-----+-----+-----+-----+
 |     |     |     |     |     |     |     |     | 5
 +-----+-----+-----+-----+-----+-----+-----+-----+
 |     |     |     |     |     |     |     |     | 4
 +-----+-----+-----+-----+-----+-----+-----+-----+
 |     |     |     |     |     |     |     |     | 3
 +-----+-----+-----+-----+-----+-----+-----+-----+
 |  ♟  |  ♟  |  ♟  |  ♟  |  ♟  |  ♟  |  ♟  |  ♟  | 2
 +-----+-----+-----+-----+-----+-----+-----+-----+
 |  ♜  |  ♞  |  ♝  |  ♛  |  ♚  |  ♝  |  ♞  |  ♜  | 1
 +-----+-----+-----+-----+-----+-----+-----+-----+
[White]
    a     b     c     d     e     f     g     h    
 +-----+-----+-----+-----+-----+-----+-----+-----+
 |  ♖  |  ♘  |  ♗  |  ♕  |  ♔  |  ♗  |  ♘  |  ♖  | 8
 +-----+-----+-----+-----+-----+-----+-----+-----+
 |  ♙  |  ♙  |  ♙  |  ♙  |  ♙  |  ♙  |  ♙  |  ♙  | 7
 +-----+-----+-----+-----+-----+-----+-----+-----+
 |     |     |     |     |     |     |     |     | 6
 +-----+-----+-----+-----+-----+-----+-----+-----+
 |     |     |     |     |     |     |     |     | 5
 +-----+-----+-----+-----+-----+-----+-----+-----+
 |     |     |     |     |  ♟  |     |     |     | 4
 +-----+-----+-----+-----+-----+-----+-----+-----+
 |     |     |     |     |     |     |     |     | 3
 +-----+-----+-----+-----+-----+-----+-----+-----+
 |  ♟  |  ♟  |  ♟  |  ♟  |     |  ♟  |  ♟  |  ♟  | 2
 +-----+-----+-----+-----+-----+-----+-----+-----+
 |  ♜  |  ♞  |  ♝  |  ♛  |  ♚  |  ♝  |  ♞  |  ♜  | 1
 +-----+-----+-----+-----+-----+-----+-----+-----+
[Black]
    a     b     c     d     e     f     g     h    
 +-----+-----+-----+-----+-----+-----+-----+-----+
 |  ♖  |  ♘  |  ♗  |  ♕  |  ♔  |  ♗  |  ♘  |  ♖  | 8
 +-----+-----+-----+-----+-----+-----+-----+-----+
 |  ♙  |  ♙  |  ♙  |  ♙  |     |  ♙  |  ♙  |  ♙  | 7
 +-----+-----+-----+-----+-----+-----+-----+-----+
 |     |     |     |     |     |     |     |     | 6
 +-----+-----+-----+-----+-----+-----+-----+-----+
 |     |     |     |     |  ♙  |     |     |     | 5
 +-----+-----+-----+-----+-----+-----+-----+-----+
 |     |     |     |     |  ♟  |     |     |     | 4
 +-----+-----+-----+-----+-----+-----+-----+-----+
 |     |     |     |     |     |     |     |     | 3
 +-----+-----+-----+-----+-----+-----+-----+-----+
 |  ♟  |  ♟  |  ♟  |  ♟  |     |  ♟  |  ♟  |  ♟  | 2
 +-----+-----+-----+-----+-----+-----+-----+-----+
 |  ♜  |  ♞  |  ♝  |  ♛  |  ♚  |  ♝  |  ♞  |  ♜  | 1
 +-----+-----+-----+-----+-----+-----+-----+-----+
[White]
    a     b     c     d     e     f     g     h    
 +-----+-----+-----+-----+-----+-----+-----+-----+
 |  ♖  |  ♘  |  ♗  |  ♕  |  ♔  |  ♗  |  ♘  |  ♖  | 8
 +-----+-----+-----+-----+-----+-----+-----+-----+
 |  ♙  |  ♙  |  ♙  |  ♙  |     |  ♙  |  ♙  |  ♙  | 7
 +-----+-----+-----+-----+-----+-----+-----+-----+
 |     |     |     |     |     |     |     |     | 6
 +-----+-----+-----+-----+-----+-----+-----+-----+
 |     |     |     |     |  ♙  |     |     |     | 5
 +-----+-----+-----+-----+-----+-----+-----+-----+
 |     |     |     |     |  ♟  |     |     |     | 4
 +-----+-----+-----+-----+-----+-----+-----+-----+
 |     |     |     |     |     |  ♞  |     |     | 3
 +-----+-----+-----+-----+-----+-----+-----+-----+
 |  ♟  |  ♟  |  ♟  |  ♟  |     |  ♟  |  ♟  |  ♟  | 2
 +-----+-----+-----+-----+-----+-----+-----+-----+
 |  ♜  |  ♞  |  ♝  |  ♛  |  ♚  |  ♝  |     |  ♜  | 1
 +-----+-----+-----+-----+-----+-----+-----+-----+
[Black]
    a     b     c     d     e     f     g     h    
 +-----+-----+-----+-----+-----+-----+-----+-----+
 |  ♖  |     |  ♗  |  ♕  |  ♔  |  ♗  |  ♘  |  ♖  | 8
 +-----+-----+-----+-----+-----+-----+-----+-----+
 |  ♙  |  ♙  |  ♙  |  ♙  |     |  ♙  |  ♙  |  ♙  | 7
 +-----+-----+-----+-----+-----+-----+-----+-----+
 |     |     |  ♘  |     |     |     |     |     | 6
 +-----+-----+-----+-----+-----+-----+-----+-----+
 |     |     |     |     |  ♙  |     |     |     | 5
 +-----+-----+-----+-----+-----+-----+-----+-----+
 |     |     |     |     |  ♟  |     |     |     | 4
 +-----+-----+-----+-----+-----+-----+-----+-----+
 |     |     |     |     |     |  ♞  |     |     | 3
 +-----+-----+-----+-----+-----+-----+-----+-----+
 |  ♟  |  ♟  |  ♟  |  ♟  |     |  ♟  |  ♟  |  ♟  | 2
 +-----+-----+-----+-----+-----+-----+-----+-----+
 |  ♜  |  ♞  |  ♝  |  ♛  |  ♚  |  ♝  |     |  ♜  | 1
 +-----+-----+-----+-----+-----+-----+-----+-----+
[White]
    a     b     c     d     e     f     g     h    
 +-----+-----+-----+-----+-----+-----+-----+-----+
 |  ♖  |     |  ♗  |  ♕  |  ♔  |  ♗  |  ♘  |  ♖  | 8
 +-----+-----+-----+-----+-----+-----+-----+-----+
 |  ♙  |  ♙  |  ♙  |  ♙  |     |  ♙  |  ♙  |  ♙  | 7
 +-----+-----+-----+-----+-----+-----+-----+-----+
 |     |     |  ♘  |     |     |     |     |     | 6
 +-----+-----+-----+-----+-----+-----+-----+-----+
 |     |     |     |     |  ♙  |     |     |     | 5
 +-----+-----+-----+-----+-----+-----+-----+-----+
 |     |     |     |     |  ♟  |     |     |     | 4
 +-----+-----+-----+-----+-----+-----+-----+-----+
 |     |     |     |  ♟  |     |  ♞  |     |     | 3
 +-----+-----+-----+-----+-----+-----+-----+-----+
 |  ♟  |  ♟  |  ♟  |     |     |  ♟  |  ♟  |  ♟  | 2
 +-----+-----+-----+-----+-----+-----+-----+-----+
 |  ♜  |  ♞  |  ♝  |  ♛  |  ♚  |  ♝  |     |  ♜  | 1
 +-----+-----+-----+-----+-----+-----+-----+-----+
[Black]
    a     b     c     d     e     f     g     h    
 +-----+-----+-----+-----+-----+-----+-----+-----+
 |  ♖  |     |  ♗  |  ♕  |  ♔  |  ♗  |     |  ♖  | 8
 +-----+-----+-----+-----+-----+-----+-----+-----+
 |  ♙  |  ♙  |  ♙  |  ♙  |     |  ♙  |  ♙  |  ♙  | 7
 +-----+-----+-----+-----+-----+-----+-----+-----+
 |     |     |  ♘  |     |     |  ♘  |     |     | 6
 +-----+-----+-----+-----+-----+-----+-----+-----+
 |     |     |     |     |  ♙  |     |     |     | 5
 +-----+-----+-----+-----+-----+-----+-----+-----+
 |     |     |     |     |  ♟  |     |     |     | 4
 +-----+-----+-----+-----+-----+-----+-----+-----+
 |     |     |     |  ♟  |     |  ♞  |     |     | 3
 +-----+-----+-----+-----+-----+-----+-----+-----+
 |  ♟  |  ♟  |  ♟  |     |     |  ♟  |  ♟  |  ♟  | 2
 +-----+-----+-----+-----+-----+-----+-----+-----+
 |  ♜  |  ♞  |  ♝  |  ♛  |  ♚  |  ♝  |     |  ♜  | 1
 +-----+-----+-----+-----+-----+-----+-----+-----+
[White]
    a     b     c     d     e     f     g     h    
 +-----+-----+-----+-----+-----+-----+-----+-----+
 |  ♖  |     |  ♗  |  ♕  |  ♔  |  ♗  |     |  ♖  | 8
 +-----+-----+-----+-----+-----+-----+-----+-----+
 |  ♙  |  ♙  |  ♙  |  ♙  |     |  ♙  |  ♙  |  ♙  | 7
 +-----+-----+-----+-----+-----+-----+-----+-----+
 |     |     |  ♘  |     |     |  ♘  |     |     | 6
 +-----+-----+-----+-----+-----+-----+-----+-----+
 |     |     |     |     |  ♙  |     |  ♝  |     | 5
 +-----+-----+-----+-----+-----+-----+-----+-----+
 |     |     |     |     |  ♟  |     |     |     | 4
 +-----+-----+-----+-----+-----+-----+-----+-----+
 |     |     |     |  ♟  |     |  ♞  |     |     | 3
 +-----+-----+-----+-----+-----+-----+-----+-----+
 |  ♟  |  ♟  |  ♟  |     |     |  ♟  |  ♟  |  ♟  | 2
 +-----+-----+-----+-----+-----+-----+-----+-----+
 |  ♜  |  ♞  |     |  ♛  |  ♚  |  ♝  |     |  ♜  | 1
 +-----+-----+-----+-----+-----+-----+-----+-----+
[Black]
    a     b     c     d     e     f     g     h    
 +-----+-----+-----+-----+-----+-----+-----+-----+
 |  ♖  |     |  ♗  |  ♕  |  ♔  |     |     |  ♖  | 8
 +-----+-----+-----+-----+-----+-----+-----+-----+
 |  ♙  |  ♙  |  ♙  |  ♙  |  ♗  |  ♙  |  ♙  |  ♙  | 7
 +-----+-----+-----+-----+-----+-----+-----+-----+
 |     |     |  ♘  |     |     |  ♘  |     |     | 6
 +-----+-----+-----+-----+-----+-----+-----+-----+
 |     |     |     |     |  ♙  |     |  ♝  |     | 5
 +-----+-----+-----+-----+-----+-----+-----+-----+
 |     |     |     |     |  ♟  |     |     |     | 4
 +-----+-----+-----+-----+-----+-----+-----+-----+
 |     |     |     |  ♟  |     |  ♞  |     |     | 3
 +-----+-----+-----+-----+-----+-----+-----+-----+
 |  ♟  |  ♟  |  ♟  |     |     |  ♟  |  ♟  |  ♟  | 2
 +-----+-----+-----+-----+-----+-----+-----+-----+
 |  ♜  |  ♞  |     |  ♛  |  ♚  |  ♝  |     |  ♜  | 1
 +-----+-----+-----+-----+-----+-----+-----+-----+
[White]
wR,wN,,wQ,wK,wB,,wR,wP,wP,wP,,,wP,wP,wP,,,,wP,,wN,,,,,,,wP,,,,,,,,bP,,wB,,,,bN,,,bN,,,bP,bP,bP,bP,bB,bP,bP,bP,bR,,bB,bQ,bK,,,bR, ?-?
  -> [0;32mreference position: OK[0m
  -> [0;32mreference result: OK[0m
  -> [0m(exit code=0)
[0;33m> data/1-leg-bishop-1.txt[0m
    a     b     c     d     e     f     g     h    
 +-----+-----+-----+-----+-----+-----+-----+-----+
 |  ♖  |  ♘  |  ♗  |  ♕  |  ♔  |  ♗  |  ♘  |  ♖  | 8
 +-----+-----+-----+-----+-----+-----+-----+-----+
 |  ♙  |  ♙  |  ♙  |  ♙  |  ♙  |  ♙  |  ♙  |  ♙  | 7
 +-----+-----+-----+-----+-----+-----+-----+-----+
 |     |     |     |     |     |     |     |     | 6
 +-----+-----+-----+-----+-----+-----+-----+-----+
 |     |     |     |     |     |     |     |     | 5
 +-----+-----+-----+-----+-----+-----+-----+-----+
 |     |     |     |     |     |     |     |     | 4
 +-----+-----+-----+-----+-----+-----+-----+-----+
 |     |     |     |     |     |     |     |     | 3
 +-----+-----+-----+-----+-----+-----+-----+-----+
 |  ♟  |  ♟  |  ♟  |  ♟  |  ♟  |  ♟  |  ♟  |  ♟  | 2
 +-----+-----+-----+-----+-----+-----+-----+-----+
 |  ♜  |  ♞  |  ♝  |  ♛  |  ♚  |  ♝  |  ♞  |  ♜  | 1
 +-----+-----+-----+-----+-----+-----+-----+-----+
[White]
    a     b     c     d     e     f     g     h    
 +-----+-----+-----+-----+-----+-----+-----+-----+
 |  ♖  |  ♘  |  ♗  |  ♕  |  ♔  |  ♗  |  ♘  |  ♖  | 8
 +-----+-----+-----+-----+-----+-----+-----+-----+
 |  ♙  |  ♙  |  ♙  |  ♙  |  ♙  |  ♙  |  ♙  |  ♙  | 7
 +-----+-----+-----+-----+-----+-----+-----+-----+
 |     |     |     |     |     |     |     |     | 6
 +-----+-----+-----+-----+-----+-----+-----+-----+
 |     |     |     |     |     |     |     |     | 5
 +-----+-----+-----+-----+-----+-----+-----+-----+
 |     |     |     |  ♟  |     |     |     |     | 4
 +-----+-----+-----+-----+-----+-----+-----+-----+
 |     |     |     |     |     |     |     |     | 3
 +-----+-----+-----+-----+-----+-----+-----+-----+
 |  ♟  |  ♟  |  ♟  |     |  ♟  |  ♟  |  ♟  |  ♟  | 2
 +-----+-----+-----+-----+-----+-----+-----+-----+
 |  ♜  |  ♞  |  ♝  |  ♛  |  ♚  |  ♝  |  ♞  |  ♜  | 1
 +-----+-----+-----+-----+-----+-----+-----+-----+
[Black]
    a     b     c     d     e     f     g     h    
 +-----+-----+-----+-----+-----+-----+-----+-----+
 |  ♖  |  ♘  |  ♗  |  ♕  |  ♔  |  ♗  |  ♘  |  ♖  | 8
 +-----+-----+-----+-----+-----+-----+-----+-----+
 |  ♙  |  ♙  |  ♙  |     |  ♙  |  ♙  |  ♙  |  ♙  | 7
 +-----+-----+-----+-----+-----+-----+-----+-----+
 |     |     |     |     |     |     |     |     | 6
 +-----+-----+-----+-----+-----+-----+-----+-----+
 |     |     |     |  ♙  |     |     |     |     | 5
 +-----+-----+-----+-----+-----+-----+-----+-----+
 |     |     |     |  ♟  |     |     |     |     | 4
 +-----+-----+-----+-----+-----+-----+-----+-----+
 |     |     |     |     |     |     |     |     | 3
 +-----+-----+-----+-----+-----+-----+-----+-----+
 |  ♟  |  ♟  |  ♟  |     |  ♟  |  ♟  |  ♟  |  ♟  | 2
 +-----+-----+-----+-----+-----+-----+-----+-----+
 |  ♜  |  ♞  |  ♝  |  ♛  |  ♚  |  ♝  |  ♞  |  ♜  | 1
 +-----+-----+-----+-----+-----+-----+-----+-----+
[White]
    a     b     c     d     e     f     g     h    
 +-----+-----+-----+-----+-----+-----+-----+-----+
 |  ♖  |  ♘  |  ♗  |  ♕  |  ♔  |  ♗  |  ♘  |  ♖  | 8
 +-----+-----+-----+-----+-----+-----+-----+-----+
 |  ♙  |  ♙  |  ♙  |     |  ♙  |  ♙  |  ♙  |  ♙  | 7
 +-----+-----+-----+-----+-----+-----+-----+-----+
 |     |     |     |     |     |     |     |     | 6
 +-----+-----+-----+-----+-----+-----+-----+-----+
 |     |     |     |  ♙  |     |     |  ♝  |     | 5
 +-----+-----+-----+-----+-----+-----+-----+-----+
 |     |     |     |  ♟  |     |     |     |     | 4
 +-----+-----+-----+-----+-----+-----+-----+-----+
 |     |     |     |     |     |     |     |     | 3
 +-----+-----+-----+-----+-----+-----+-----+-----+
 |  ♟  |  ♟  |  ♟  |     |  ♟  |  ♟  |  ♟  |  ♟  | 2
 +-----+-----+-----+-----+-----+-----+-----+-----+
 |  ♜  |  ♞  |     |  ♛  |  ♚  |  ♝  |  ♞  |  ♜  | 1
 +-----+-----+-----+-----+-----+-----+-----+-----+
[Black]
    a     b     c     d     e     f     g     h    
 +-----+-----+-----+-----+-----+-----+-----+-----+
 |  ♖  |  ♘  |  ♗  |  ♕  |  ♔  |  ♗  |     |  ♖  | 8
 +-----+-----+-----+-----+-----+-----+-----+-----+
 |  ♙  |  ♙  |  ♙  |     |  ♙  |  ♙  |  ♙  |  ♙  | 7
 +-----+-----+-----+-----+-----+-----+-----+-----+
 |     |     |     |     |     |  ♘  |     |     | 6
 +-----+-----+-----+-----+-----+-----+-----+-----+
 |     |     |     |  ♙  |     |     |  ♝  |     | 5
 +-----+-----+-----+-----+-----+-----+-----+-----+
 |     |     |     |  ♟  |     |     |     |     | 4
 +-----+-----+-----+-----+-----+-----+-----+-----+
 |     |     |     |     |     |     |     |     | 3
 +-----+-----+-----+-----+-----+-----+-----+-----+
 |  ♟  |  ♟  |  ♟  |     |  ♟  |  ♟  |  ♟  |  ♟  | 2
 +-----+-----+-----+-----+-----+-----+-----+-----+
 |  ♜  |  ♞  |     |  ♛  |  ♚  |  ♝  |  ♞  |  ♜  | 1
 +-----+-----+-----+-----+-----+-----+-----+-----+
[White]
    a     b     c     d     e     f     g     h    
 +-----+-----+-----+-----+-----+-----+-----+-----+
 |  ♖  |  ♘  |  ♗  |  ♕  |  ♔  |  ♗  |     |  ♖  | 8
 +-----+-----+-----+-----+-----+-----+-----+-----+
 |  ♙  |  ♙  |  ♙  |     |  ♙  |  ♙  |  ♙  |  ♙  | 7
 +-----+-----+-----+-----+-----+-----+-----+-----+
 |     |     |     |     |     |  ♝  |     |     | 6
 +-----+-----+-----+-----+-----+-----+-----+-----+
 |     |     |     |  ♙  |     |     |     |     | 5
 +-----+-----+-----+-----+-----+-----+-----+-----+
 |     |     |     |  ♟  |     |     |     |     | 4
 +-----+-----+-----+-----+-----+-----+-----+-----+
 |     |     |     |     |     |     |     |     | 3
 +-----+-----+-----+-----+-----+-----+-----+-----+
 |  ♟  |  ♟  |  ♟  |     |  ♟  |  ♟  |  ♟  |  ♟  | 2
 +-----+-----+-----+-----+-----+-----+-----+-----+
 |  ♜  |  ♞  |     |  ♛  |  ♚  |  ♝  |  ♞  |  ♜  | 1
 +-----+-----+-----+-----+-----+-----+-----+-----+
[Black]
    a     b     c     d     e     f     g     h    
 +-----+-----+-----+-----+-----+-----+-----+-----+
 |  ♖  |  ♘  |  ♗  |  ♕  |  ♔  |  ♗  |     |  ♖  | 8
 +-----+-----+-----+-----+-----+-----+-----+-----+
 |  ♙  |  ♙  |  ♙  |     |  ♙  |  ♙  |     |  ♙  | 7
 +-----+-----+-----+-----+-----+-----+-----+-----+
 |     |     |     |     |     |  ♙  |     |     | 6
 +-----+-----+-----+-----+-----+-----+-----+-----+
 |     |     |     |  ♙  |     |     |     |     | 5
 +-----+-----+-----+-----+-----+-----+-----+-----+
 |     |     |     |  ♟  |     |     |     |     | 4
 +-----+-----+-----+-----+-----+-----+-----+-----+
 |     |     |     |     |     |     |     |     | 3
 +-----+-----+-----+-----+-----+-----+-----+-----+
 |  ♟  |  ♟  |  ♟  |     |  ♟  |  ♟  |  ♟  |  ♟  | 2
 +-----+-----+-----+-----+-----+-----+-----+-----+
 |  ♜  |  ♞  |     |  ♛  |  ♚  |  ♝  |  ♞  |  ♜  | 1
 +-----+-----+-----+-----+-----+-----+-----+-----+
[White]
    a     b     c     d     e     f     g     h    
 +-----+-----+-----+-----+-----+-----+-----+-----+
 |  ♖  |  ♘  |  ♗  |  ♕  |  ♔  |  ♗  |     |  ♖  | 8
 +-----+-----+-----+-----+-----+-----+-----+-----+
 |  ♙  |  ♙  |  ♙  |     |  ♙  |  ♙  |     |  ♙  | 7
 +-----+-----+-----+-----+-----+-----+-----+-----+
 |     |     |     |     |     |  ♙  |     |     | 6
 +-----+-----+-----+-----+-----+-----+-----+-----+
 |     |     |     |  ♙  |     |     |     |     | 5
 +-----+-----+-----+-----+-----+-----+-----+-----+
 |     |     |     |  ♟  |     |     |     |     | 4
 +-----+-----+-----+-----+-----+-----+-----+-----+
 |     |     |     |     |  ♟  |     |     |     | 3
 +-----+-----+-----+-----+-----+-----+-----+-----+
 |  ♟  |  ♟  |  ♟  |     |     |  ♟  |  ♟  |  ♟  | 2
 +-----+-----+-----+-----+-----+-----+-----+-----+
 |  ♜  |  ♞  |     |  ♛  |  ♚  |  ♝  |  ♞  |  ♜  | 1
 +-----+-----+-----+-----+-----+-----+-----+-----+
[Black]
    a     b     c     d     e     f     g     h    
 +-----+-----+-----+-----+-----+-----+-----+-----+
 |  ♖  |  ♘  |  ♗  |  ♕  |  ♔  |     |     |  ♖  | 8
 +-----+-----+-----+-----+-----+-----+-----+-----+
 |  ♙  |  ♙  |  ♙  |     |  ♙  |  ♙  |     |  ♙  | 7
 +-----+-----+-----+-----+-----+-----+-----+-----+
 |     |     |     |     |     |  ♙  |     |  ♗  | 6
 +-----+-----+-----+-----+-----+-----+-----+-----+
 |     |     |     |  ♙  |     |     |     |     | 5
 +-----+-----+-----+-----+-----+-----+-----+-----+
 |     |     |     |  ♟  |     |     |     |     | 4
 +-----+-----+-----+-----+-----+-----+-----+-----+
 |     |     |     |     |  ♟  |     |     |     | 3
 +-----+-----+-----+-----+-----+-----+-----+-----+
 |  ♟  |  ♟  |  ♟  |     |     |  ♟  |  ♟  |  ♟  | 2
 +-----+-----+-----+-----+-----+-----+-----+-----+
 |  ♜  |  ♞  |     |  ♛  |  ♚  |  ♝  |  ♞  |  ♜  | 1
 +-----+-----+-----+-----+-----+-----+-----+-----+
[White]
    a     b     c     d     e     f     g     h    
 +-----+-----+-----+-----+-----+-----+-----+-----+
 |  ♖  |  ♘  |  ♗  |  ♕  |  ♔  |     |     |  ♖  | 8
 +-----+-----+-----+-----+-----+-----+-----+-----+
 |  ♙  |  ♙  |  ♙  |     |  ♙  |  ♙  |     |  ♙  | 7
 +-----+-----+-----+-----+-----+-----+-----+-----+
 |     |     |     |     |     |  ♙  |     |  ♗  | 6
 +-----+-----+-----+-----+-----+-----+-----+-----+
 |     |     |     |  ♙  |     |     |     |     | 5
 +-----+-----+-----+-----+-----+-----+-----+-----+
 |     |     |     |  ♟  |     |     |     |     | 4
 +-----+-----+-----+-----+-----+-----+-----+-----+
 |     |     |     |     |  ♟  |     |     |     | 3
 +-----+-----+-----+-----+-----+-----+-----+-----+
 |  ♟  |  ♟  |  ♟  |     |  ♝  |  ♟  |  ♟  |  ♟  | 2
 +-----+-----+-----+-----+-----+-----+-----+-----+
 |  ♜  |  ♞  |     |  ♛  |  ♚  |     |  ♞  |  ♜  | 1
 +-----+-----+-----+-----+-----+-----+-----+-----+
[Black]
    a     b     c     d     e     f     g     h    
 +-----+-----+-----+-----+-----+-----+-----+-----+
 |  ♖  |  ♘  |     |  ♕  |  ♔  |     |     |  ♖  | 8
 +-----+-----+-----+-----+-----+-----+-----+-----+
 |  ♙  |  ♙  |  ♙  |  ♗  |  ♙  |  ♙  |     |  ♙  | 7
 +-----+-----+-----+-----+-----+-----+-----+-----+
 |     |     |     |     |     |  ♙  |     |  ♗  | 6
 +-----+-----+-----+-----+-----+-----+-----+-----+
 |     |     |     |  ♙  |     |     |     |     | 5
 +-----+-----+-----+-----+-----+-----+-----+-----+
 |     |     |     |  ♟  |     |     |     |     | 4
 +-----+-----+-----+-----+-----+-----+-----+-----+
 |     |     |     |     |  ♟  |     |     |     | 3
 +-----+-----+-----+-----+-----+-----+-----+-----+
 |  ♟  |  ♟  |  ♟  |     |  ♝  |  ♟  |  ♟  |  ♟  | 2
 +-----+-----+-----+-----+-----+-----+-----+-----+
 |  ♜  |  ♞  |     |  ♛  |  ♚  |     |  ♞  |  ♜  | 1
 +-----+-----+-----+-----+-----+-----+-----+-----+
[White]
wR,wN,,wQ,wK,,wN,wR,wP,wP,wP,,wB,wP,wP,wP,,,,,wP,,,,,,,wP,,,,,,,,bP,,,,,,,,,,bP,,bB,bP,bP,bP,bB,bP,bP,,bP,bR,bN,,bQ,bK,,,bR, ?-?
  -> [0;32mreference position: OK[0m
  -> [0;32mreference result: OK[0m
  -> [0m(exit code=0)
[0;33m> data/1-leg-knight-1.txt[0m
    a     b     c     d     e     f     g     h    
 +-----+-----+-----+-----+-----+-----+-----+-----+
 |  ♖  |  ♘  |  ♗  |  ♕  |  ♔  |  ♗  |  ♘  |  ♖  | 8
 +-----+-----+-----+-----+-----+-----+-----+-----+
 |  ♙  |  ♙  |  ♙  |  ♙  |  ♙  |  ♙  |  ♙  |  ♙  | 7
 +-----+-----+-----+-----+-----+-----+-----+-----+
 |     |     |     |     |     |     |     |     | 6
 +-----+-----+-----+-----+-----+-----+-----+-----+
 |     |     |     |     |     |     |     |     | 5
 +-----+-----+-----+-----+-----+-----+-----+-----+
 |     |     |     |     |     |     |     |     | 4
 +-----+-----+-----+-----+-----+-----+-----+-----+
 |     |     |     |     |     |     |     |     | 3
 +-----+-----+-----+-----+-----+-----+-----+-----+
 |  ♟  |  ♟  |  ♟  |  ♟  |  ♟  |  ♟  |  ♟  |  ♟  | 2
 +-----+-----+-----+-----+-----+-----+-----+-----+
 |  ♜  |  ♞  |  ♝  |  ♛  |  ♚  |  ♝  |  ♞  |  ♜  | 1
 +-----+-----+-----+-----+-----+-----+-----+-----+
[White]
    a     b     c     d     e     f     g     h    
 +-----+-----+-----+-----+-----+-----+-----+-----+
 |  ♖  |  ♘  |  ♗  |  ♕  |  ♔  |  ♗  |  ♘  |  ♖  | 8
 +-----+-----+-----+-----+-----+-----+-----+-----+
 |  ♙  |  ♙  |  ♙  |  ♙  |  ♙  |  ♙  |  ♙  |  ♙  | 7
 +-----+-----+-----+-----+-----+-----+-----+-----+
 |     |     |     |     |     |     |     |     | 6
 +-----+-----+-----+-----+-----+-----+-----+-----+
 |     |     |     |     |     |     |     |     | 5
 +-----+-----+-----+-----+-----+-----+-----+-----+
 |     |     |     |     |     |     |     |     | 4
 +-----+-----+-----+-----+-----+-----+-----+-----+
 |     |     |  ♞  |     |     |     |     |     | 3
 +-----+-----+-----+-----+-----+-----+-----+-----+
 |  ♟  |  ♟  |  ♟  |  ♟  |  ♟  |  ♟  |  ♟  |  ♟  | 2
 +-----+-----+-----+-----+-----+-----+-----+-----+
 |  ♜  |     |  ♝  |  ♛  |  ♚  |  ♝  |  ♞  |  ♜  | 1
 +-----+-----+-----+-----+-----+-----+-----+-----+
[Black]
    a     b     c     d     e     f     g     h    
 +-----+-----+-----+-----+-----+-----+-----+-----+
 |  ♖  |  ♘  |  ♗  |  ♕  |  ♔  |  ♗  |  ♘  |  ♖  | 8
 +-----+-----+-----+-----+-----+-----+-----+-----+
 |  ♙  |  ♙  |  ♙  |     |  ♙  |  ♙  |  ♙  |  ♙  | 7
 +-----+-----+-----+-----+-----+-----+-----+-----+
 |     |     |     |     |     |     |     |     | 6
 +-----+-----+-----+-----+-----+-----+-----+-----+
 |     |     |     |  ♙  |     |     |     |     | 5
 +-----+-----+-----+-----+-----+-----+-----+-----+
 |     |     |     |     |     |     |     |     | 4
 +-----+-----+-----+-----+-----+-----+-----+-----+
 |     |     |  ♞  |     |     |     |     |     | 3
 +-----+-----+-----+-----+-----+-----+-----+-----+
 |  ♟  |  ♟  |  ♟  |  ♟  |  ♟  |  ♟  |  ♟  |  ♟  | 2
 +-----+-----+-----+-----+-----+-----+-----+-----+
 |  ♜  |     |  ♝  |  ♛  |  ♚  |  ♝  |  ♞  |  ♜  | 1
 +-----+-----+-----+-----+-----+-----+-----+-----+
[White]
    a     b     c     d     e     f     g     h    
 +-----+-----+-----+-----+-----+-----+-----+-----+
 |  ♖  |  ♘  |  ♗  |  ♕  |  ♔  |  ♗  |  ♘  |  ♖  | 8
 +-----+-----+-----+-----+-----+-----+-----+-----+
 |  ♙  |  ♙  |  ♙  |     |  ♙  |  ♙  |  ♙  |  ♙  | 7
 +-----+-----+-----+-----+-----+-----+-----+-----+
 |     |     |     |     |     |     |     |     | 6
 +-----+-----+-----+-----+-----+-----+-----+-----+
 |     |     |     |  ♞  |     |     |     |     | 5
 +-----+-----+-----+-----+-----+-----+-----+-----+
 |     |     |     |     |     |     |     |     | 4
 +-----+-----+-----+-----+-----+-----+-----+-----+
 |     |     |     |     |     |     |     |     | 3
 +-----+-----+-----+-----+-----+-----+-----+-----+
 |  ♟  |  ♟  |  ♟  |  ♟  |  ♟  |  ♟  |  ♟  |  ♟  | 2
 +-----+-----+-----+-----+-----+-----+-----+-----+
 |  ♜  |     |  ♝  |  ♛  |  ♚  |  ♝  |  ♞  |  ♜  | 1
 +-----+-----+-----+-----+-----+-----+-----+-----+
[Black]
    a     b     c     d     e     f     g     h    
 +-----+-----+-----+-----+-----+-----+-----+-----+
 |  ♖  |  ♘  |  ♗  |  ♕  |  ♔  |  ♗  |     |  ♖  | 8
 +-----+-----+-----+-----+-----+-----+-----+-----+
 |  ♙  |  ♙  |  ♙  |     |  ♙  |  ♙  |  ♙  |  ♙  | 7
 +-----+-----+-----+-----+-----+-----+-----+-----+
 |     |     |     |     |     |  ♘  |     |     | 6
 +-----+-----+-----+-----+-----+-----+-----+-----+
 |     |     |     |  ♞  |     |     |     |     | 5
 +-----+-----+-----+-----+-----+-----+-----+-----+
 |     |     |     |     |     |     |     |     | 4
 +-----+-----+-----+-----+-----+-----+-----+-----+
 |     |     |     |     |     |     |     |     | 3
 +-----+-----+-----+-----+-----+-----+-----+-----+
 |  ♟  |  ♟  |  ♟  |  ♟  |  ♟  |  ♟  |  ♟  |  ♟  | 2
 +-----+-----+-----+-----+-----+-----+-----+-----+
 |  ♜  |     |  ♝  |  ♛  |  ♚  |  ♝  |  ♞  |  ♜  | 1
 +-----+-----+-----+-----+-----+-----+-----+-----+
[White]
    a     b     c     d     e     f     g     h    
 +-----+-----+-----+-----+-----+-----+-----+-----+
 |  ♖  |  ♘  |  ♗  |  ♕  |  ♔  |  ♗  |     |  ♖  | 8
 +-----+-----+-----+-----+-----+-----+-----+-----+
 |  ♙  |  ♙  |  ♙  |     |  ♙  |  ♙  |  ♙  |  ♙  | 7
 +-----+-----+-----+-----+-----+-----+-----+-----+
 |     |     |     |     |     |  ♘  |     |     | 6
 +-----+-----+-----+-----+-----+-----+-----+-----+
 |     |     |     |  ♞  |     |     |     |     | 5
 +-----+-----+-----+-----+-----+-----+-----+-----+
 |     |     |     |     |     |     |     |     | 4
 +-----+-----+-----+-----+-----+-----+-----+-----+
 |     |     |     |     |     |  ♞  |     |     | 3
 +-----+-----+-----+-----+-----+-----+-----+-----+
 |  ♟  |  ♟  |  ♟  |  ♟  |  ♟  |  ♟  |  ♟  |  ♟  | 2
 +-----+-----+-----+-----+-----+-----+-----+-----+
 |  ♜  |     |  ♝  |  ♛  |  ♚  |  ♝  |     |  ♜  | 1
 +-----+-----+-----+-----+-----+-----+-----+-----+
[Black]
    a     b     c     d     e     f     g     h    
 +-----+-----+-----+-----+-----+-----+-----+-----+
 |  ♖  |     |  ♗  |  ♕  |  ♔  |  ♗  |     |  ♖  | 8
 +-----+-----+-----+-----+-----+-----+-----+-----+
 |  ♙  |  ♙  |  ♙  |     |  ♙  |  ♙  |  ♙  |  ♙  | 7
 +-----+-----+-----+-----+-----+-----+-----+-----+
 |     |     |  ♘  |     |     |  ♘  |     |     | 6
 +-----+-----+-----+-----+-----+-----+-----+-----+
 |     |     |     |  ♞  |     |     |     |     | 5
 +-----+-----+-----+-----+-----+-----+-----+-----+
 |     |     |     |     |     |     |     |     | 4
 +-----+-----+-----+-----+-----+-----+-----+-----+
 |     |     |     |     |     |  ♞  |     |     | 3
 +-----+-----+-----+-----+-----+-----+-----+-----+
 |  ♟  |  ♟  |  ♟  |  ♟  |  ♟  |  ♟  |  ♟  |  ♟  | 2
 +-----+-----+-----+-----+-----+-----+-----+-----+
 |  ♜  |     |  ♝  |  ♛  |  ♚  |  ♝  |     |  ♜  | 1
 +-----+-----+-----+-----+-----+-----+-----+-----+
[White]
    a     b     c     d     e     f     g     h    
 +-----+-----+-----+-----+-----+-----+-----+-----+
 |  ♖  |     |  ♗  |  ♕  |  ♔  |  ♗  |     |  ♖  | 8
 +-----+-----+-----+-----+-----+-----+-----+-----+
 |  ♙  |  ♙  |  ♙  |     |  ♙  |  ♙  |  ♙  |  ♙  | 7
 +-----+-----+-----+-----+-----+-----+-----+-----+
 |     |     |  ♘  |     |     |  ♞  |     |     | 6
 +-----+-----+-----+-----+-----+-----+-----+-----+
 |     |     |     |     |     |     |     |     | 5
 +-----+-----+-----+-----+-----+-----+-----+-----+
 |     |     |     |     |     |     |     |     | 4
 +-----+-----+-----+-----+-----+-----+-----+-----+
 |     |     |     |     |     |  ♞  |     |     | 3
 +-----+-----+-----+-----+-----+-----+-----+-----+
 |  ♟  |  ♟  |  ♟  |  ♟  |  ♟  |  ♟  |  ♟  |  ♟  | 2
 +-----+-----+-----+-----+-----+-----+-----+-----+
 |  ♜  |     |  ♝  |  ♛  |  ♚  |  ♝  |     |  ♜  | 1
 +-----+-----+-----+-----+-----+-----+-----+-----+
[Black] Check!
    a     b     c     d     e     f     g     h    
 +-----+-----+-----+-----+-----+-----+-----+-----+
 |  ♖  |     |  ♗  |  ♕  |  ♔  |  ♗  |     |  ♖  | 8
 +-----+-----+-----+-----+-----+-----+-----+-----+
 |  ♙  |  ♙  |  ♙  |     |     |  ♙  |  ♙  |  ♙  | 7
 +-----+-----+-----+-----+-----+-----+-----+-----+
 |     |     |  ♘  |     |     |  ♙  |     |     | 6
 +-----+-----+-----+-----+-----+-----+-----+-----+
 |     |     |     |     |     |     |     |     | 5
 +-----+-----+-----+-----+-----+-----+-----+-----+
 |     |     |     |     |     |     |     |     | 4
 +-----+-----+-----+-----+-----+-----+-----+-----+
 |     |     |     |     |     |  ♞  |     |     | 3
 +-----+-----+-----+-----+-----+-----+-----+-----+
 |  ♟  |  ♟  |  ♟  |  ♟  |  ♟  |  ♟  |  ♟  |  ♟  | 2
 +-----+-----+-----+-----+-----+-----+-----+-----+
 |  ♜  |     |  ♝  |  ♛  |  ♚  |  ♝  |     |  ♜  | 1
 +-----+-----+-----+-----+-----+-----+-----+-----+
[White]
    a     b     c     d     e     f     g     h    
 +-----+-----+-----+-----+-----+-----+-----+-----+
 |  ♖  |     |  ♗  |  ♕  |  ♔  |  ♗  |     |  ♖  | 8
 +-----+-----+-----+-----+-----+-----+-----+-----+
 |  ♙  |  ♙  |  ♙  |     |     |  ♙  |  ♙  |  ♙  | 7
 +-----+-----+-----+-----+-----+-----+-----+-----+
 |     |     |  ♘  |     |     |  ♙  |     |     | 6
 +-----+-----+-----+-----+-----+-----+-----+-----+
 |     |     |     |     |     |     |     |     | 5
 +-----+-----+-----+-----+-----+-----+-----+-----+
 |     |     |     |     |  ♟  |     |     |     | 4
 +-----+-----+-----+-----+-----+-----+-----+-----+
 |     |     |     |     |     |  ♞  |     |     | 3
 +-----+-----+-----+-----+-----+-----+-----+-----+
 |  ♟  |  ♟  |  ♟  |  ♟  |     |  ♟  |  ♟  |  ♟  | 2
 +-----+-----+-----+-----+-----+-----+-----+-----+
 |  ♜  |     |  ♝  |  ♛  |  ♚  |  ♝  |     |  ♜  | 1
 +-----+-----+-----+-----+-----+-----+-----+-----+
[Black]
wR,,wB,wQ,wK,wB,,wR,wP,wP,wP,wP,,wP,wP,wP,,,,,,wN,,,,,,,wP,,,,,,,,,,,,,,bN,,,bP,,,bP,bP,bP,,,bP,bP,bP,bR,,bB,bQ,bK,bB,,bR, ?-?
  -> [0;32mreference position: OK[0m
  -> [0;32mreference result: OK[0m
  -> [0m(exit code=0)
[0;33m> data/1-leg-obstacle.txt[0m
    a     b     c     d     e     f     g     h    
 +-----+-----+-----+-----+-----+-----+-----+-----+
 |  ♖  |  ♘  |  ♗  |  ♕  |  ♔  |  ♗  |  ♘  |  ♖  | 8
 +-----+-----+-----+-----+-----+-----+-----+-----+
 |  ♙  |  ♙  |  ♙  |  ♙  |  ♙  |  ♙  |  ♙  |  ♙  | 7
 +-----+-----+-----+-----+-----+-----+-----+-----+
 |     |     |     |     |     |     |     |     | 6
 +-----+-----+-----+-----+-----+-----+-----+-----+
 |     |     |     |     |     |     |     |     | 5
 +-----+-----+-----+-----+-----+-----+-----+-----+
 |     |     |     |     |     |     |     |     | 4
 +-----+-----+-----+-----+-----+-----+-----+-----+
 |     |     |     |     |     |     |     |     | 3
 +-----+-----+-----+-----+-----+-----+-----+-----+
 |  ♟  |  ♟  |  ♟  |  ♟  |  ♟  |  ♟  |  ♟  |  ♟  | 2
 +-----+-----+-----+-----+-----+-----+-----+-----+
 |  ♜  |  ♞  |  ♝  |  ♛  |  ♚  |  ♝  |  ♞  |  ♜  | 1
 +-----+-----+-----+-----+-----+-----+-----+-----+
[White]
    a     b     c     d     e     f     g     h    
 +-----+-----+-----+-----+-----+-----+-----+-----+
 |  ♖  |  ♘  |  ♗  |  ♕  |  ♔  |  ♗  |  ♘  |  ♖  | 8
 +-----+-----+-----+-----+-----+-----+-----+-----+
 |  ♙  |  ♙  |  ♙  |  ♙  |  ♙  |  ♙  |  ♙  |  ♙  | 7
 +-----+-----+-----+-----+-----+-----+-----+-----+
 |     |     |     |     |     |     |     |     | 6
 +-----+-----+-----+-----+-----+-----+-----+-----+
 |     |     |     |     |     |     |     |     | 5
 +-----+-----+-----+-----+-----+-----+-----+-----+
 |     |     |     |     |     |     |     |     | 4
 +-----+-----+-----+-----+-----+-----+-----+-----+
 |     |     |     |     |  ♟  |     |     |     | 3
 +-----+-----+-----+-----+-----+-----+-----+-----+
 |  ♟  |  ♟  |  ♟  |  ♟  |     |  ♟  |  ♟  |  ♟  | 2
 +-----+-----+-----+-----+-----+-----+-----+-----+
 |  ♜  |  ♞  |  ♝  |  ♛  |  ♚  |  ♝  |  ♞  |  ♜  | 1
 +-----+-----+-----+-----+-----+-----+-----+-----+
[Black]
    a     b     c     d     e     f     g     h    
 +-----+-----+-----+-----+-----+-----+-----+-----+
 |  ♖  |  ♘  |  ♗  |  ♕  |  ♔  |  ♗  |  ♘  |  ♖  | 8
 +-----+-----+-----+-----+-----+-----+-----+-----+
 |  ♙  |  ♙  |  ♙  |     |  ♙  |  ♙  |  ♙  |  ♙  | 7
 +-----+-----+-----+-----+-----+-----+-----+-----+
 |     |     |     |     |     |     |     |     | 6
 +-----+-----+-----+-----+-----+-----+-----+-----+
 |     |     |     |  ♙  |     |     |     |     | 5
 +-----+-----+-----+-----+-----+-----+-----+-----+
 |     |     |     |     |     |     |     |     | 4
 +-----+-----+-----+-----+-----+-----+-----+-----+
 |     |     |     |     |  ♟  |     |     |     | 3
 +-----+-----+-----+-----+-----+-----+-----+-----+
 |  ♟  |  ♟  |  ♟  |  ♟  |     |  ♟  |  ♟  |  ♟  | 2
 +-----+-----+-----+-----+-----+-----+-----+-----+
 |  ♜  |  ♞  |  ♝  |  ♛  |  ♚  |  ♝  |  ♞  |  ♜  | 1
 +-----+-----+-----+-----+-----+-----+-----+-----+
[White]
    a     b     c     d     e     f     g     h    
 +-----+-----+-----+-----+-----+-----+-----+-----+
 |  ♖  |  ♘  |  ♗  |  ♕  |  ♔  |  ♗  |  ♘  |  ♖  | 8
 +-----+-----+-----+-----+-----+-----+-----+-----+
 |  ♙  |  ♙  |  ♙  |     |  ♙  |  ♙  |  ♙  |  ♙  | 7
 +-----+-----+-----+-----+-----+-----+-----+-----+
 |     |     |     |     |     |     |     |     | 6
 +-----+-----+-----+-----+-----+-----+-----+-----+
 |     |     |     |  ♙  |     |     |     |     | 5
 +-----+-----+-----+-----+-----+-----+-----+-----+
 |     |     |     |     |     |     |     |     | 4
 +-----+-----+-----+-----+-----+-----+-----+-----+
 |     |     |     |     |  ♟  |  ♞  |     |     | 3
 +-----+-----+-----+-----+-----+-----+-----+-----+
 |  ♟  |  ♟  |  ♟  |  ♟  |     |  ♟  |  ♟  |  ♟  | 2
 +-----+-----+-----+-----+-----+-----+-----+-----+
 |  ♜  |  ♞  |  ♝  |  ♛  |  ♚  |  ♝  |     |  ♜  | 1
 +-----+-----+-----+-----+-----+-----+-----+-----+
[Black]
    a     b     c     d     e     f     g     h    
 +-----+-----+-----+-----+-----+-----+-----+-----+
 |  ♖  |  ♘  |  ♗  |  ♕  |  ♔  |  ♗  |     |  ♖  | 8
 +-----+-----+-----+-----+-----+-----+-----+-----+
 |  ♙  |  ♙  |  ♙  |     |  ♙  |  ♙  |  ♙  |  ♙  | 7
 +-----+-----+-----+-----+-----+-----+-----+-----+
 |     |     |     |     |     |  ♘  |     |     | 6
 +-----+-----+-----+-----+-----+-----+-----+-----+
 |     |     |     |  ♙  |     |     |     |     | 5
 +-----+-----+-----+-----+-----+-----+-----+-----+
 |     |     |     |     |     |     |     |     | 4
 +-----+-----+-----+-----+-----+-----+-----+-----+
 |     |     |     |     |  ♟  |  ♞  |     |     | 3
 +-----+-----+-----+-----+-----+-----+-----+-----+
 |  ♟  |  ♟  |  ♟  |  ♟  |     |  ♟  |  ♟  |  ♟  | 2
 +-----+-----+-----+-----+-----+-----+-----+-----+
 |  ♜  |  ♞  |  ♝  |  ♛  |  ♚  |  ♝  |     |  ♜  | 1
 +-----+-----+-----+-----+-----+-----+-----+-----+
[White]
wR,wN,wB,wQ,wK,wB,,wR,wP,wP,wP,wP,,wP,wP,wP,,,,,wP,wN,,,,,,,,,,,,,,bP,,,,,,,,,,bN,,,bP,bP,bP,,bP,bP,bP,bP,bR,bN,bB,bQ,bK,bB,,bR, ?-?
  -> [0;32mreference position: OK[0m
  -> [0;32mreference result: OK[0m
  -> [0m(exit code=0)
[0;33m> data/1-leg-pawn-1.txt[0m
    a     b     c     d     e     f     g     h    
 +-----+-----+-----+-----+-----+-----+-----+-----+
 |  ♖  |  ♘  |  ♗  |  ♕  |  ♔  |  ♗  |  ♘  |  ♖  | 8
 +-----+-----+-----+-----+-----+-----+-----+-----+
 |  ♙  |  ♙  |  ♙  |  ♙  |  ♙  |  ♙  |  ♙  |  ♙  | 7
 +-----+-----+-----+-----+-----+-----+-----+-----+
 |     |     |     |     |     |     |     |     | 6
 +-----+-----+-----+-----+-----+-----+-----+-----+
 |     |     |     |     |     |     |     |     | 5
 +-----+-----+-----+-----+-----+-----+-----+-----+
 |     |     |     |     |     |     |     |     | 4
 +-----+-----+-----+-----+-----+-----+-----+-----+
 |     |     |     |     |     |     |     |     | 3
 +-----+-----+-----+-----+-----+-----+-----+-----+
 |  ♟  |  ♟  |  ♟  |  ♟  |  ♟  |  ♟  |  ♟  |  ♟  | 2
 +-----+-----+-----+-----+-----+-----+-----+-----+
 |  ♜  |  ♞  |  ♝  |  ♛  |  ♚  |  ♝  |  ♞  |  ♜  | 1
 +-----+-----+-----+-----+-----+-----+-----+-----+
[White]
    a     b     c     d     e     f     g     h    
 +-----+-----+-----+-----+-----+-----+-----+-----+
 |  ♖  |  ♘  |  ♗  |  ♕  |  ♔  |  ♗  |  ♘  |  ♖  | 8
 +-----+-----+-----+-----+-----+-----+-----+-----+
 |  ♙  |  ♙  |  ♙  |  ♙  |  ♙  |  ♙  |  ♙  |  ♙  | 7
 +-----+-----+-----+-----+-----+-----+-----+-----+
 |     |     |     |     |     |     |     |     | 6
 +-----+-----+-----+-----+-----+-----+-----+-----+
 |     |     |     |     |     |     |     |     | 5
 +-----+-----+-----+-----+-----+-----+-----+-----+
 |     |     |     |     |  ♟  |     |     |     | 4
 +-----+-----+-----+-----+-----+-----+-----+-----+
 |     |     |     |     |     |     |     |     | 3
 +-----+-----+-----+-----+-----+-----+-----+-----+
 |  ♟  |  ♟  |  ♟  |  ♟  |     |  ♟  |  ♟  |  ♟  | 2
 +-----+-----+-----+-----+-----+-----+-----+-----+
 |  ♜  |  ♞  |  ♝  |  ♛  |  ♚  |  ♝  |  ♞  |  ♜  | 1
 +-----+-----+-----+-----+-----+-----+-----+-----+
[Black]
    a     b     c     d     e     f     g     h    
 +-----+-----+-----+-----+-----+-----+-----+-----+
 |  ♖  |  ♘  |  ♗  |  ♕  |  ♔  |  ♗  |  ♘  |  ♖  | 8
 +-----+-----+-----+-----+-----+-----+-----+-----+
 |  ♙  |  ♙  |  ♙  |  ♙  |     |  ♙  |  ♙  |  ♙  | 7
 +-----+-----+-----+-----+-----+-----+-----+-----+
 |     |     |     |     |     |     |     |     | 6
 +-----+-----+-----+-----+-----+-----+-----+-----+
 |     |     |     |     |  ♙  |     |     |     | 5
 +-----+-----+-----+-----+-----+-----+-----+-----+
 |     |     |     |     |  ♟  |     |     |     | 4
 +-----+-----+-----+-----+-----+-----+-----+-----+
 |     |     |     |     |     |     |     |     | 3
 +-----+-----+-----+-----+-----+-----+-----+-----+
 |  ♟  |  ♟  |  ♟  |  ♟  |     |  ♟  |  ♟  |  ♟  | 2
 +-----+-----+-----+-----+-----+-----+-----+-----+
 |  ♜  |  ♞  |  ♝  |  ♛  |  ♚  |  ♝  |  ♞  |  ♜  | 1
 +-----+-----+-----+-----+-----+-----+-----+-----+
[White]
    a     b     c     d     e     f     g     h    
 +-----+-----+-----+-----+-----+-----+-----+-----+
 |  ♖  |  ♘  |  ♗  |  ♕  |  ♔  |  ♗  |  ♘  |  ♖  | 8
 +-----+-----+-----+-----+-----+-----+-----+-----+
 |  ♙  |  ♙  |  ♙  |  ♙  |     |  ♙  |  ♙  |  ♙  | 7
 +-----+-----+-----+-----+-----+-----+-----+-----+
 |     |     |     |     |     |     |     |     | 6
 +-----+-----+-----+-----+-----+-----+-----+-----+
 |     |     |     |     |  ♙  |     |     |     | 5
 +-----+-----+-----+-----+-----+-----+-----+-----+
 |     |     |     |  ♟  |  ♟  |     |     |     | 4
 +-----+-----+-----+-----+-----+-----+-----+-----+
 |     |     |     |     |     |     |     |     | 3
 +-----+-----+-----+-----+-----+-----+-----+-----+
 |  ♟  |  ♟  |  ♟  |     |     |  ♟  |  ♟  |  ♟  | 2
 +-----+-----+-----+-----+-----+-----+-----+-----+
 |  ♜  |  ♞  |  ♝  |  ♛  |  ♚  |  ♝  |  ♞  |  ♜  | 1
 +-----+-----+-----+-----+-----+-----+-----+-----+
[Black]
    a     b     c     d     e     f     g     h    
 +-----+-----+-----+-----+-----+-----+-----+-----+
 |  ♖  |  ♘  |  ♗  |  ♕  |  ♔  |  ♗  |  ♘  |  ♖  | 8
 +-----+-----+-----+-----+-----+-----+-----+-----+
 |  ♙  |  ♙  |  ♙  |  ♙  |     |  ♙  |  ♙  |  ♙  | 7
 +-----+-----+-----+-----+-----+-----+-----+-----+
 |     |     |     |     |     |     |     |     | 6
 +-----+-----+-----+-----+-----+-----+-----+-----+
 |     |     |     |     |     |     |     |     | 5
 +-----+-----+-----+-----+-----+-----+-----+-----+
 |     |     |     |  ♙  |  ♟  |     |     |     | 4
 +-----+-----+-----+-----+-----+-----+-----+-----+
 |     |     |     |     |     |     |     |     | 3
 +-----+-----+-----+-----+-----+-----+-----+-----+
 |  ♟  |  ♟  |  ♟  |     |     |  ♟  |  ♟  |  ♟  | 2
 +-----+-----+-----+-----+-----+-----+-----+-----+
 |  ♜  |  ♞  |  ♝  |  ♛  |  ♚  |  ♝  |  ♞  |  ♜  | 1
 +-----+-----+-----+-----+-----+-----+-----+-----+
[White]
    a     b     c     d     e     f     g     h    
 +-----+-----+-----+-----+-----+-----+-----+-----+
 |  ♖  |  ♘  |  ♗  |  ♕  |  ♔  |  ♗  |  ♘  |  ♖  | 8
 +-----+-----+-----+-----+-----+-----+-----+-----+
 |  ♙  |  ♙  |  ♙  |  ♙  |     |  ♙  |  ♙  |  ♙  | 7
 +-----+-----+-----+-----+-----+-----+-----+-----+
 |     |     |     |     |     |     |     |     | 6
 +-----+-----+-----+-----+-----+-----+-----+-----+
 |     |     |     |     |     |     |     |     | 5
 +-----+-----+-----+-----+-----+-----+-----+-----+
 |     |     |     |  ♙  |  ♟  |     |     |     | 4
 +-----+-----+-----+-----+-----+-----+-----+-----+
 |     |     |     |     |     |  ♟  |     |     | 3
 +-----+-----+-----+-----+-----+-----+-----+-----+
 |  ♟  |  ♟  |  ♟  |     |     |     |  ♟  |  ♟  | 2
 +-----+-----+-----+-----+-----+-----+-----+-----+
 |  ♜  |  ♞  |  ♝  |  ♛  |  ♚  |  ♝  |  ♞  |  ♜  | 1
 +-----+-----+-----+-----+-----+-----+-----+-----+
[Black]
    a     b     c     d     e     f     g     h    
 +-----+-----+-----+-----+-----+-----+-----+-----+
 |  ♖  |  ♘  |  ♗  |  ♕  |  ♔  |  ♗  |  ♘  |  ♖  | 8
 +-----+-----+-----+-----+-----+-----+-----+-----+
 |  ♙  |  ♙  |  ♙  |  ♙  |     |  ♙  |  ♙  |  ♙  | 7
 +-----+-----+-----+-----+-----+-----+-----+-----+
 |     |     |     |     |     |     |     |     | 6
 +-----+-----+-----+-----+-----+-----+-----+-----+
 |     |     |     |     |     |     |     |     | 5
 +-----+-----+-----+-----+-----+-----+-----+-----+
 |     |     |     |     |  ♟  |     |     |     | 4
 +-----+-----+-----+-----+-----+-----+-----+-----+
 |     |     |     |  ♙  |     |  ♟  |     |     | 3
 +-----+-----+-----+-----+-----+-----+-----+-----+
 |  ♟  |  ♟  |  ♟  |     |     |     |  ♟  |  ♟  | 2
 +-----+-----+-----+-----+-----+-----+-----+-----+
 |  ♜  |  ♞  |  ♝  |  ♛  |  ♚  |  ♝  |  ♞  |  ♜  | 1
 +-----+-----+-----+-----+-----+-----+-----+-----+
[White]
    a     b     c     d     e     f     g     h    
 +-----+-----+-----+-----+-----+-----+-----+-----+
 |  ♖  |  ♘  |  ♗  |  ♕  |  ♔  |  ♗  |  ♘  |  ♖  | 8
 +-----+-----+-----+-----+-----+-----+-----+-----+
 |  ♙  |  ♙  |  ♙  |  ♙  |     |  ♙  |  ♙  |  ♙  | 7
 +-----+-----+-----+-----+-----+-----+-----+-----+
 |     |     |     |     |     |     |     |     | 6
 +-----+-----+-----+-----+-----+-----+-----+-----+
 |     |     |     |     |     |     |     |     | 5
 +-----+-----+-----+-----+-----+-----+-----+-----+
 |     |     |     |     |  ♟  |     |     |     | 4
 +-----+-----+-----+-----+-----+-----+-----+-----+
 |     |     |     |  ♟  |     |  ♟  |     |     | 3
 +-----+-----+-----+-----+-----+-----+-----+-----+
 |  ♟  |  ♟  |     |     |     |     |  ♟  |  ♟  | 2
 +-----+-----+-----+-----+-----+-----+-----+-----+
 |  ♜  |  ♞  |  ♝  |  ♛  |  ♚  |  ♝  |  ♞  |  ♜  | 1
 +-----+-----+-----+-----+-----+-----+-----+-----+
[Black]
    a     b     c     d     e     f     g     h    
 +-----+-----+-----+-----+-----+-----+-----+-----+
 |  ♖  |  ♘  |  ♗  |  ♕  |  ♔  |  ♗  |  ♘  |  ♖  | 8
 +-----+-----+-----+-----+-----+-----+-----+-----+
 |  ♙  |  ♙  |  ♙  |     |     |  ♙  |  ♙  |  ♙  | 7
 +-----+-----+-----+-----+-----+-----+-----+-----+
 |     |     |     |     |     |     |     |     | 6
 +-----+-----+-----+-----+-----+-----+-----+-----+
 |     |     |     |  ♙  |     |     |     |     | 5
 +-----+-----+-----+-----+-----+-----+-----+-----+
 |     |     |     |     |  ♟  |     |     |     | 4
 +-----+-----+-----+-----+-----+-----+-----+-----+
 |     |     |     |  ♟  |     |  ♟  |     |     | 3
 +-----+-----+-----+-----+-----+-----+-----+-----+
 |  ♟  |  ♟  |     |     |     |     |  ♟  |  ♟  | 2
 +-----+-----+-----+-----+-----+-----+-----+-----+
 |  ♜  |  ♞  |  ♝  |  ♛  |  ♚  |  ♝  |  ♞  |  ♜  | 1
 +-----+-----+-----+-----+-----+-----+-----+-----+
[White]
    a     b     c     d     e     f     g     h    
 +-----+-----+-----+-----+-----+-----+-----+-----+
 |  ♖  |  ♘  |  ♗  |  ♕  |  ♔  |  ♗  |  ♘  |  ♖  | 8
 +-----+-----+-----+-----+-----+-----+-----+-----+
 |  ♙  |  ♙  |  ♙  |     |     |  ♙  |  ♙  |  ♙  | 7
 +-----+-----+-----+-----+-----+-----+-----+-----+
 |     |     |     |     |     |     |     |     | 6
 +-----+-----+-----+-----+-----+-----+-----+-----+
 |     |     |     |  ♙  |  ♟  |     |     |     | 5
 +-----+-----+-----+-----+-----+-----+-----+-----+
 |     |     |     |     |     |     |     |     | 4
 +-----+-----+-----+-----+-----+-----+-----+-----+
 |     |     |     |  ♟  |     |  ♟  |     |     | 3
 +-----+-----+-----+-----+-----+-----+-----+-----+
 |  ♟  |  ♟  |     |     |     |     |  ♟  |  ♟  | 2
 +-----+-----+-----+-----+-----+-----+-----+-----+
 |  ♜  |  ♞  |  ♝  |  ♛  |  ♚  |  ♝  |  ♞  |  ♜  | 1
 +-----+-----+-----+-----+-----+-----+-----+-----+
[Black]
    a     b     c     d     e     f     g     h    
 +-----+-----+-----+-----+-----+-----+-----+-----+
 |  ♖  |  ♘  |  ♗  |  ♕  |  ♔  |  ♗  |  ♘  |  ♖  | 8
 +-----+-----+-----+-----+-----+-----+-----+-----+
 |  ♙  |  ♙  |  ♙  |     |     |  ♙  |  ♙  |  ♙  | 7
 +-----+-----+-----+-----+-----+-----+-----+-----+
 |     |     |     |     |     |     |     |     | 6
 +-----+-----+-----+-----+-----+-----+-----+-----+
 |     |     |     |     |  ♟  |     |     |     | 5
 +-----+-----+-----+-----+-----+-----+-----+-----+
 |     |     |     |  ♙  |     |     |     |     | 4
 +-----+-----+-----+-----+-----+-----+-----+-----+
 |     |     |     |  ♟  |     |  ♟  |     |     | 3
 +-----+-----+-----+-----+-----+-----+-----+-----+
 |  ♟  |  ♟  |     |     |     |     |  ♟  |  ♟  | 2
 +-----+-----+-----+-----+-----+-----+-----+-----+
 |  ♜  |  ♞  |  ♝  |  ♛  |  ♚  |  ♝  |  ♞  |  ♜  | 1
 +-----+-----+-----+-----+-----+-----+-----+-----+
[White]
wR,wN,wB,wQ,wK,wB,wN,wR,wP,wP,,,,,wP,wP,,,,wP,,wP,,,,,,bP,,,,,,,,,wP,,,,,,,,,,,,bP,bP,bP,,,bP,bP,bP,bR,bN,bB,bQ,bK,bB,bN,bR, ?-?
  -> [0;32mreference position: OK[0m
  -> [0;32mreference result: OK[0m
  -> [0m(exit code=0)
[0;33m> data/1-ill-bishop-1.txt[0m
    a     b     c     d     e     f     g     h    
 +-----+-----+-----+-----+-----+-----+-----+-----+
 |  ♖  |  ♘  |  ♗  |  ♕  |  ♔  |  ♗  |  ♘  |  ♖  | 8
 +-----+-----+-----+-----+-----+-----+-----+-----+
 |  ♙  |  ♙  |  ♙  |  ♙  |  ♙  |  ♙  |  ♙  |  ♙  | 7
 +-----+-----+-----+-----+-----+-----+-----+-----+
 |     |     |     |     |     |     |     |     | 6
 +-----+-----+-----+-----+-----+-----+-----+-----+
 |     |     |     |     |     |     |     |     | 5
 +-----+-----+-----+-----+-----+-----+-----+-----+
 |     |     |     |     |     |     |     |     | 4
 +-----+-----+-----+-----+-----+-----+-----+-----+
 |     |     |     |     |     |     |     |     | 3
 +-----+-----+-----+-----+-----+-----+-----+-----+
 |  ♟  |  ♟  |  ♟  |  ♟  |  ♟  |  ♟  |  ♟  |  ♟  | 2
 +-----+-----+-----+-----+-----+-----+-----+-----+
 |  ♜  |  ♞  |  ♝  |  ♛  |  ♚  |  ♝  |  ♞  |  ♜  | 1
 +-----+-----+-----+-----+-----+-----+-----+-----+
[White]
    a     b     c     d     e     f     g     h    
 +-----+-----+-----+-----+-----+-----+-----+-----+
 |  ♖  |  ♘  |  ♗  |  ♕  |  ♔  |  ♗  |  ♘  |  ♖  | 8
 +-----+-----+-----+-----+-----+-----+-----+-----+
 |  ♙  |  ♙  |  ♙  |  ♙  |  ♙  |  ♙  |  ♙  |  ♙  | 7
 +-----+-----+-----+-----+-----+-----+-----+-----+
 |     |     |     |     |     |     |     |     | 6
 +-----+-----+-----+-----+-----+-----+-----+-----+
 |     |     |     |     |     |     |     |     | 5
 +-----+-----+-----+-----+-----+-----+-----+-----+
 |     |     |     |  ♟  |     |     |     |     | 4
 +-----+-----+-----+-----+-----+-----+-----+-----+
 |     |     |     |     |     |     |     |     | 3
 +-----+-----+-----+-----+-----+-----+-----+-----+
 |  ♟  |  ♟  |  ♟  |     |  ♟  |  ♟  |  ♟  |  ♟  | 2
 +-----+-----+-----+-----+-----+-----+-----+-----+
 |  ♜  |  ♞  |  ♝  |  ♛  |  ♚  |  ♝  |  ♞  |  ♜  | 1
 +-----+-----+-----+-----+-----+-----+-----+-----+
[Black]
    a     b     c     d     e     f     g     h    
 +-----+-----+-----+-----+-----+-----+-----+-----+
 |  ♖  |  ♘  |  ♗  |  ♕  |  ♔  |  ♗  |  ♘  |  ♖  | 8
 +-----+-----+-----+-----+-----+-----+-----+-----+
 |  ♙  |  ♙  |  ♙  |     |  ♙  |  ♙  |  ♙  |  ♙  | 7
 +-----+-----+-----+-----+-----+-----+-----+-----+
 |     |     |     |     |     |     |     |     | 6
 +-----+-----+-----+-----+-----+-----+-----+-----+
 |     |     |     |  ♙  |     |     |     |     | 5
 +-----+-----+-----+-----+-----+-----+-----+-----+
 |     |     |     |  ♟  |     |     |     |     | 4
 +-----+-----+-----+-----+-----+-----+-----+-----+
 |     |     |     |     |     |     |     |     | 3
 +-----+-----+-----+-----+-----+-----+-----+-----+
 |  ♟  |  ♟  |  ♟  |     |  ♟  |  ♟  |  ♟  |  ♟  | 2
 +-----+-----+-----+-----+-----+-----+-----+-----+
 |  ♜  |  ♞  |  ♝  |  ♛  |  ♚  |  ♝  |  ♞  |  ♜  | 1
 +-----+-----+-----+-----+-----+-----+-----+-----+
[White]
    a     b     c     d     e     f     g     h    
 +-----+-----+-----+-----+-----+-----+-----+-----+
 |  ♖  |  ♘  |  ♗  |  ♕  |  ♔  |  ♗  |  ♘  |  ♖  | 8
 +-----+-----+-----+-----+-----+-----+-----+-----+
 |  ♙  |  ♙  |  ♙  |     |  ♙  |  ♙  |  ♙  |  ♙  | 7
 +-----+-----+-----+-----+-----+-----+-----+-----+
 |     |     |     |     |     |     |     |     | 6
 +-----+-----+-----+-----+-----+-----+-----+-----+
 |     |     |     |  ♙  |     |     |  ♝  |     | 5
 +-----+-----+-----+-----+-----+-----+-----+-----+
 |     |     |     |  ♟  |     |     |     |     | 4
 +-----+-----+-----+-----+-----+-----+-----+-----+
 |     |     |     |     |     |     |     |     | 3
 +-----+-----+-----+-----+-----+-----+-----+-----+
 |  ♟  |  ♟  |  ♟  |     |  ♟  |  ♟  |  ♟  |  ♟  | 2
 +-----+-----+-----+-----+-----+-----+-----+-----+
 |  ♜  |  ♞  |     |  ♛  |  ♚  |  ♝  |  ♞  |  ♜  | 1
 +-----+-----+-----+-----+-----+-----+-----+-----+
[Black]
    a     b     c     d     e     f     g     h    
 +-----+-----+-----+-----+-----+-----+-----+-----+
 |  ♖  |  ♘  |  ♗  |  ♕  |  ♔  |  ♗  |  ♘  |  ♖  | 8
 +-----+-----+-----+-----+-----+-----+-----+-----+
 |  ♙  |  ♙  |  ♙  |     |  ♙  |  ♙  |  ♙  |  ♙  | 7
 +-----+-----+-----+-----+-----+-----+-----+-----+
 |     |     |     |     |     |     |     |     | 6
 +-----+-----+-----+-----+-----+-----+-----+-----+
 |     |     |     |  ♙  |     |     |  ♝  |     | 5
 +-----+-----+-----+-----+-----+-----+-----+-----+
 |     |     |     |  ♟  |     |     |     |     | 4
 +-----+-----+-----+-----+-----+-----+-----+-----+
 |     |     |     |     |     |     |     |     | 3
 +-----+-----+-----+-----+-----+-----+-----+-----+
 |  ♟  |  ♟  |  ♟  |     |  ♟  |  ♟  |  ♟  |  ♟  | 2
 +-----+-----+-----+-----+-----+-----+-----+-----+
 |  ♜  |  ♞  |     |  ♛  |  ♚  |  ♝  |  ♞  |  ♜  | 1
 +-----+-----+-----+-----+-----+-----+-----+-----+
[Black]
    a     b     c     d     e     f     g     h    
 +-----+-----+-----+-----+-----+-----+-----+-----+
 |  ♖  |  ♘  |  ♗  |  ♕  |  ♔  |  ♗  |  ♘  |  ♖  | 8
 +-----+-----+-----+-----+-----+-----+-----+-----+
 |  ♙  |  ♙  |  ♙  |     |  ♙  |     |  ♙  |  ♙  | 7
 +-----+-----+-----+-----+-----+-----+-----+-----+
 |     |     |     |     |     |  ♙  |     |     | 6
 +-----+-----+-----+-----+-----+-----+-----+-----+
 |     |     |     |  ♙  |     |     |  ♝  |     | 5
 +-----+-----+-----+-----+-----+-----+-----+-----+
 |     |     |     |  ♟  |     |     |     |     | 4
 +-----+-----+-----+-----+-----+-----+-----+-----+
 |     |     |     |     |     |     |     |     | 3
 +-----+-----+-----+-----+-----+-----+-----+-----+
 |  ♟  |  ♟  |  ♟  |     |  ♟  |  ♟  |  ♟  |  ♟  | 2
 +-----+-----+-----+-----+-----+-----+-----+-----+
 |  ♜  |  ♞  |     |  ♛  |  ♚  |  ♝  |  ♞  |  ♜  | 1
 +-----+-----+-----+-----+-----+-----+-----+-----+
[White]
    a     b     c     d     e     f     g     h    
 +-----+-----+-----+-----+-----+-----+-----+-----+
 |  ♖  |  ♘  |  ♗  |  ♕  |  ♔  |  ♗  |  ♘  |  ♖  | 8
 +-----+-----+-----+-----+-----+-----+-----+-----+
 |  ♙  |  ♙  |  ♙  |     |  ♙  |     |  ♙  |  ♙  | 7
 +-----+-----+-----+-----+-----+-----+-----+-----+
 |     |     |     |     |     |  ♙  |     |     | 6
 +-----+-----+-----+-----+-----+-----+-----+-----+
 |     |     |     |  ♙  |     |     |  ♝  |     | 5
 +-----+-----+-----+-----+-----+-----+-----+-----+
 |     |     |     |  ♟  |     |     |     |     | 4
 +-----+-----+-----+-----+-----+-----+-----+-----+
 |     |     |     |     |     |     |     |     | 3
 +-----+-----+-----+-----+-----+-----+-----+-----+
 |  ♟  |  ♟  |  ♟  |     |  ♟  |  ♟  |  ♟  |  ♟  | 2
 +-----+-----+-----+-----+-----+-----+-----+-----+
 |  ♜  |  ♞  |     |  ♛  |  ♚  |  ♝  |  ♞  |  ♜  | 1
 +-----+-----+-----+-----+-----+-----+-----+-----+
[White]
    a     b     c     d     e     f     g     h    
 +-----+-----+-----+-----+-----+-----+-----+-----+
 |  ♖  |  ♘  |  ♗  |  ♕  |  ♔  |  ♗  |  ♘  |  ♖  | 8
 +-----+-----+-----+-----+-----+-----+-----+-----+
 |  ♙  |  ♙  |  ♙  |     |  ♙  |     |  ♙  |  ♙  | 7
 +-----+-----+-----+-----+-----+-----+-----+-----+
 |     |     |     |     |     |  ♙  |     |     | 6
 +-----+-----+-----+-----+-----+-----+-----+-----+
 |     |     |     |  ♙  |     |     |     |     | 5
 +-----+-----+-----+-----+-----+-----+-----+-----+
 |     |     |     |  ♟  |     |     |     |  ♝  | 4
 +-----+-----+-----+-----+-----+-----+-----+-----+
 |     |     |     |     |     |     |     |     | 3
 +-----+-----+-----+-----+-----+-----+-----+-----+
 |  ♟  |  ♟  |  ♟  |     |  ♟  |  ♟  |  ♟  |  ♟  | 2
 +-----+-----+-----+-----+-----+-----+-----+-----+
 |  ♜  |  ♞  |     |  ♛  |  ♚  |  ♝  |  ♞  |  ♜  | 1
 +-----+-----+-----+-----+-----+-----+-----+-----+
[Black]
    a     b     c     d     e     f     g     h    
 +-----+-----+-----+-----+-----+-----+-----+-----+
 |  ♖  |  ♘  |  ♗  |  ♕  |  ♔  |  ♗  |  ♘  |  ♖  | 8
 +-----+-----+-----+-----+-----+-----+-----+-----+
 |  ♙  |  ♙  |  ♙  |     |  ♙  |     |  ♙  |  ♙  | 7
 +-----+-----+-----+-----+-----+-----+-----+-----+
 |     |     |     |     |     |  ♙  |     |     | 6
 +-----+-----+-----+-----+-----+-----+-----+-----+
 |     |     |     |  ♙  |     |     |     |     | 5
 +-----+-----+-----+-----+-----+-----+-----+-----+
 |     |     |     |  ♟  |     |     |     |  ♝  | 4
 +-----+-----+-----+-----+-----+-----+-----+-----+
 |     |     |     |     |     |     |     |     | 3
 +-----+-----+-----+-----+-----+-----+-----+-----+
 |  ♟  |  ♟  |  ♟  |     |  ♟  |  ♟  |  ♟  |  ♟  | 2
 +-----+-----+-----+-----+-----+-----+-----+-----+
 |  ♜  |  ♞  |     |  ♛  |  ♚  |  ♝  |  ♞  |  ♜  | 1
 +-----+-----+-----+-----+-----+-----+-----+-----+
[Black]
    a     b     c     d     e     f     g     h    
 +-----+-----+-----+-----+-----+-----+-----+-----+
 |  ♖  |  ♘  |  ♗  |  ♕  |  ♔  |  ♗  |  ♘  |  ♖  | 8
 +-----+-----+-----+-----+-----+-----+-----+-----+
 |  ♙  |  ♙  |  ♙  |     |  ♙  |     |  ♙  |  ♙  | 7
 +-----+-----+-----+-----+-----+-----+-----+-----+
 |     |     |     |     |     |  ♙  |     |     | 6
 +-----+-----+-----+-----+-----+-----+-----+-----+
 |     |     |     |  ♙  |     |     |     |     | 5
 +-----+-----+-----+-----+-----+-----+-----+-----+
 |     |     |     |  ♟  |     |     |     |  ♝  | 4
 +-----+-----+-----+-----+-----+-----+-----+-----+
 |     |     |     |     |     |     |     |     | 3
 +-----+-----+-----+-----+-----+-----+-----+-----+
 |  ♟  |  ♟  |  ♟  |     |  ♟  |  ♟  |  ♟  |  ♟  | 2
 +-----+-----+-----+-----+-----+-----+-----+-----+
 |  ♜  |  ♞  |     |  ♛  |  ♚  |  ♝  |  ♞  |  ♜  | 1
 +-----+-----+-----+-----+-----+-----+-----+-----+
[Black]
    a     b     c     d     e     f     g     h    
 +-----+-----+-----+-----+-----+-----+-----+-----+
 |  ♖  |  ♘  |     |  ♕  |  ♔  |  ♗  |  ♘  |  ♖  | 8
 +-----+-----+-----+-----+-----+-----+-----+-----+
 |  ♙  |  ♙  |  ♙  |     |  ♙  |     |  ♙  |  ♙  | 7
 +-----+-----+-----+-----+-----+-----+-----+-----+
 |     |     |     |     |     |  ♙  |     |     | 6
 +-----+-----+-----+-----+-----+-----+-----+-----+
 |     |     |     |  ♙  |     |  ♗  |     |     | 5
 +-----+-----+-----+-----+-----+-----+-----+-----+
 |     |     |     |  ♟  |     |     |     |  ♝  | 4
 +-----+-----+-----+-----+-----+-----+-----+-----+
 |     |     |     |     |     |     |     |     | 3
 +-----+-----+-----+-----+-----+-----+-----+-----+
 |  ♟  |  ♟  |  ♟  |     |  ♟  |  ♟  |  ♟  |  ♟  | 2
 +-----+-----+-----+-----+-----+-----+-----+-----+
 |  ♜  |  ♞  |     |  ♛  |  ♚  |  ♝  |  ♞  |  ♜  | 1
 +-----+-----+-----+-----+-----+-----+-----+-----+
[White]
wR,wN,,wQ,wK,wB,wN,wR,wP,wP,wP,,wP,wP,wP,wP,,,,,,,,,,,,wP,,,,wB,,,,bP,,bB,,,,,,,,bP,,,bP,bP,bP,,bP,,bP,bP,bR,bN,,bQ,bK,bB,bN,bR, ?-?
  -> [0;32mreference position: OK[0m
  -> [0;32mreference result: OK[0m
  -> [0m(exit code=0)
[0;33m> data/1-ill-diagonal-obstacle.txt[0m
    a     b     c     d     e     f     g     h    
 +-----+-----+-----+-----+-----+-----+-----+-----+
 |  ♖  |  ♘  |  ♗  |  ♕  |  ♔  |  ♗  |  ♘  |  ♖  | 8
 +-----+-----+-----+-----+-----+-----+-----+-----+
 |  ♙  |  ♙  |  ♙  |  ♙  |  ♙  |  ♙  |  ♙  |  ♙  | 7
 +-----+-----+-----+-----+-----+-----+-----+-----+
 |     |     |     |     |     |     |     |     | 6
 +-----+-----+-----+-----+-----+-----+-----+-----+
 |     |     |     |     |     |     |     |     | 5
 +-----+-----+-----+-----+-----+-----+-----+-----+
 |     |     |     |     |     |     |     |     | 4
 +-----+-----+-----+-----+-----+-----+-----+-----+
 |     |     |     |     |     |     |     |     | 3
 +-----+-----+-----+-----+-----+-----+-----+-----+
 |  ♟  |  ♟  |  ♟  |  ♟  |  ♟  |  ♟  |  ♟  |  ♟  | 2
 +-----+-----+-----+-----+-----+-----+-----+-----+
 |  ♜  |  ♞  |  ♝  |  ♛  |  ♚  |  ♝  |  ♞  |  ♜  | 1
 +-----+-----+-----+-----+-----+-----+-----+-----+
[White]
    a     b     c     d     e     f     g     h    
 +-----+-----+-----+-----+-----+-----+-----+-----+
 |  ♖  |  ♘  |  ♗  |  ♕  |  ♔  |  ♗  |  ♘  |  ♖  | 8
 +-----+-----+-----+-----+-----+-----+-----+-----+
 |  ♙  |  ♙  |  ♙  |  ♙  |  ♙  |  ♙  |  ♙  |  ♙  | 7
 +-----+-----+-----+-----+-----+-----+-----+-----+
 |     |     |     |     |     |     |     |     | 6
 +-----+-----+-----+-----+-----+-----+-----+-----+
 |     |     |     |     |     |     |     |     | 5
 +-----+-----+-----+-----+-----+-----+-----+-----+
 |     |     |     |     |     |     |     |     | 4
 +-----+-----+-----+-----+-----+-----+-----+-----+
 |     |     |     |     |     |     |     |     | 3
 +-----+-----+-----+-----+-----+-----+-----+-----+
 |  ♟  |  ♟  |  ♟  |  ♟  |  ♟  |  ♟  |  ♟  |  ♟  | 2
 +-----+-----+-----+-----+-----+-----+-----+-----+
 |  ♜  |  ♞  |  ♝  |  ♛  |  ♚  |  ♝  |  ♞  |  ♜  | 1
 +-----+-----+-----+-----+-----+-----+-----+-----+
[White]
    a     b     c     d     e     f     g     h    
 +-----+-----+-----+-----+-----+-----+-----+-----+
 |  ♖  |  ♘  |  ♗  |  ♕  |  ♔  |  ♗  |  ♘  |  ♖  | 8
 +-----+-----+-----+-----+-----+-----+-----+-----+
 |  ♙  |  ♙  |  ♙  |  ♙  |  ♙  |  ♙  |  ♙  |  ♙  | 7
 +-----+-----+-----+-----+-----+-----+-----+-----+
 |     |     |     |     |     |     |     |     | 6
 +-----+-----+-----+-----+-----+-----+-----+-----+
 |     |     |     |     |     |     |     |     | 5
 +-----+-----+-----+-----+-----+-----+-----+-----+
 |     |     |     |     |     |     |     |     | 4
 +-----+-----+-----+-----+-----+-----+-----+-----+
 |     |     |     |     |     |     |     |     | 3
 +-----+-----+-----+-----+-----+-----+-----+-----+
 |  ♟  |  ♟  |  ♟  |  ♟  |  ♟  |  ♟  |  ♟  |  ♟  | 2
 +-----+-----+-----+-----+-----+-----+-----+-----+
 |  ♜  |  ♞  |  ♝  |  ♛  |  ♚  |  ♝  |  ♞  |  ♜  | 1
 +-----+-----+-----+-----+-----+-----+-----+-----+
[White]
    a     b     c     d     e     f     g     h    
 +-----+-----+-----+-----+-----+-----+-----+-----+
 |  ♖  |  ♘  |  ♗  |  ♕  |  ♔  |  ♗  |  ♘  |  ♖  | 8
 +-----+-----+-----+-----+-----+-----+-----+-----+
 |  ♙  |  ♙  |  ♙  |  ♙  |  ♙  |  ♙  |  ♙  |  ♙  | 7
 +-----+-----+-----+-----+-----+-----+-----+-----+
 |     |     |     |     |     |     |     |     | 6
 +-----+-----+-----+-----+-----+-----+-----+-----+
 |     |     |     |     |     |     |     |     | 5
 +-----+-----+-----+-----+-----+-----+-----+-----+
 |     |     |     |     |     |     |     |     | 4
 +-----+-----+-----+-----+-----+-----+-----+-----+
 |     |     |     |  ♟  |     |     |     |     | 3
 +-----+-----+-----+-----+-----+-----+-----+-----+
 |  ♟  |  ♟  |  ♟  |     |  ♟  |  ♟  |  ♟  |  ♟  | 2
 +-----+-----+-----+-----+-----+-----+-----+-----+
 |  ♜  |  ♞  |  ♝  |  ♛  |  ♚  |  ♝  |  ♞  |  ♜  | 1
 +-----+-----+-----+-----+-----+-----+-----+-----+
[Black]
    a     b     c     d     e     f     g     h    
 +-----+-----+-----+-----+-----+-----+-----+-----+
 |  ♖  |  ♘  |  ♗  |  ♕  |  ♔  |  ♗  |  ♘  |  ♖  | 8
 +-----+-----+-----+-----+-----+-----+-----+-----+
 |  ♙  |  ♙  |  ♙  |  ♙  |  ♙  |  ♙  |  ♙  |  ♙  | 7
 +-----+-----+-----+-----+-----+-----+-----+-----+
 |     |     |     |     |     |     |     |     | 6
 +-----+-----+-----+-----+-----+-----+-----+-----+
 |     |     |     |     |     |     |     |     | 5
 +-----+-----+-----+-----+-----+-----+-----+-----+
 |     |     |     |     |     |     |     |     | 4
 +-----+-----+-----+-----+-----+-----+-----+-----+
 |     |     |     |  ♟  |     |     |     |     | 3
 +-----+-----+-----+-----+-----+-----+-----+-----+
 |  ♟  |  ♟  |  ♟  |     |  ♟  |  ♟  |  ♟  |  ♟  | 2
 +-----+-----+-----+-----+-----+-----+-----+-----+
 |  ♜  |  ♞  |  ♝  |  ♛  |  ♚  |  ♝  |  ♞  |  ♜  | 1
 +-----+-----+-----+-----+-----+-----+-----+-----+
[Black]
    a     b     c     d     e     f     g     h    
 +-----+-----+-----+-----+-----+-----+-----+-----+
 |  ♖  |  ♘  |  ♗  |  ♕  |  ♔  |  ♗  |  ♘  |  ♖  | 8
 +-----+-----+-----+-----+-----+-----+-----+-----+
 |  ♙  |  ♙  |  ♙  |  ♙  |  ♙  |  ♙  |  ♙  |  ♙  | 7
 +-----+-----+-----+-----+-----+-----+-----+-----+
 |     |     |     |     |     |     |     |     | 6
 +-----+-----+-----+-----+-----+-----+-----+-----+
 |     |     |     |     |     |     |     |     | 5
 +-----+-----+-----+-----+-----+-----+-----+-----+
 |     |     |     |     |     |     |     |     | 4
 +-----+-----+-----+-----+-----+-----+-----+-----+
 |     |     |     |  ♟  |     |     |     |     | 3
 +-----+-----+-----+-----+-----+-----+-----+-----+
 |  ♟  |  ♟  |  ♟  |     |  ♟  |  ♟  |  ♟  |  ♟  | 2
 +-----+-----+-----+-----+-----+-----+-----+-----+
 |  ♜  |  ♞  |  ♝  |  ♛  |  ♚  |  ♝  |  ♞  |  ♜  | 1
 +-----+-----+-----+-----+-----+-----+-----+-----+
[Black]
    a     b     c     d     e     f     g     h    
 +-----+-----+-----+-----+-----+-----+-----+-----+
 |  ♖  |  ♘  |  ♗  |  ♕  |  ♔  |  ♗  |  ♘  |  ♖  | 8
 +-----+-----+-----+-----+-----+-----+-----+-----+
 |  ♙  |  ♙  |  ♙  |     |  ♙  |  ♙  |  ♙  |  ♙  | 7
 +-----+-----+-----+-----+-----+-----+-----+-----+
 |     |     |     |  ♙  |     |     |     |     | 6
 +-----+-----+-----+-----+-----+-----+-----+-----+
 |     |     |     |     |     |     |     |     | 5
 +-----+-----+-----+-----+-----+-----+-----+-----+
 |     |     |     |     |     |     |     |     | 4
 +-----+-----+-----+-----+-----+-----+-----+-----+
 |     |     |     |  ♟  |     |     |     |     | 3
 +-----+-----+-----+-----+-----+-----+-----+-----+
 |  ♟  |  ♟  |  ♟  |     |  ♟  |  ♟  |  ♟  |  ♟  | 2
 +-----+-----+-----+-----+-----+-----+-----+-----+
 |  ♜  |  ♞  |  ♝  |  ♛  |  ♚  |  ♝  |  ♞  |  ♜  | 1
 +-----+-----+-----+-----+-----+-----+-----+-----+
[White]
    a     b     c     d     e     f     g     h    
 +-----+-----+-----+-----+-----+-----+-----+-----+
 |  ♖  |  ♘  |  ♗  |  ♕  |  ♔  |  ♗  |  ♘  |  ♖  | 8
 +-----+-----+-----+-----+-----+-----+-----+-----+
 |  ♙  |  ♙  |  ♙  |     |  ♙  |  ♙  |  ♙  |  ♙  | 7
 +-----+-----+-----+-----+-----+-----+-----+-----+
 |     |     |     |  ♙  |     |     |     |     | 6
 +-----+-----+-----+-----+-----+-----+-----+-----+
 |     |     |     |     |     |     |     |     | 5
 +-----+-----+-----+-----+-----+-----+-----+-----+
 |     |     |     |     |     |  ♝  |     |     | 4
 +-----+-----+-----+-----+-----+-----+-----+-----+
 |     |     |     |  ♟  |     |     |     |     | 3
 +-----+-----+-----+-----+-----+-----+-----+-----+
 |  ♟  |  ♟  |  ♟  |     |  ♟  |  ♟  |  ♟  |  ♟  | 2
 +-----+-----+-----+-----+-----+-----+-----+-----+
 |  ♜  |  ♞  |     |  ♛  |  ♚  |  ♝  |  ♞  |  ♜  | 1
 +-----+-----+-----+-----+-----+-----+-----+-----+
[Black]
    a     b     c     d     e     f     g     h    
 +-----+-----+-----+-----+-----+-----+-----+-----+
 |  ♖  |  ♘  |     |  ♕  |  ♔  |  ♗  |  ♘  |  ♖  | 8
 +-----+-----+-----+-----+-----+-----+-----+-----+
 |  ♙  |  ♙  |  ♙  |     |  ♙  |  ♙  |  ♙  |  ♙  | 7
 +-----+-----+-----+-----+-----+-----+-----+-----+
 |     |     |     |  ♙  |     |     |     |     | 6
 +-----+-----+-----+-----+-----+-----+-----+-----+
 |     |     |     |     |     |  ♗  |     |     | 5
 +-----+-----+-----+-----+-----+-----+-----+-----+
 |     |     |     |     |     |  ♝  |     |     | 4
 +-----+-----+-----+-----+-----+-----+-----+-----+
 |     |     |     |  ♟  |     |     |     |     | 3
 +-----+-----+-----+-----+-----+-----+-----+-----+
 |  ♟  |  ♟  |  ♟  |     |  ♟  |  ♟  |  ♟  |  ♟  | 2
 +-----+-----+-----+-----+-----+-----+-----+-----+
 |  ♜  |  ♞  |     |  ♛  |  ♚  |  ♝  |  ♞  |  ♜  | 1
 +-----+-----+-----+-----+-----+-----+-----+-----+
[White]
    a     b     c     d     e     f     g     h    
 +-----+-----+-----+-----+-----+-----+-----+-----+
 |  ♖  |  ♘  |     |  ♕  |  ♔  |  ♗  |  ♘  |  ♖  | 8
 +-----+-----+-----+-----+-----+-----+-----+-----+
 |  ♙  |  ♙  |  ♙  |     |  ♙  |  ♙  |  ♙  |  ♙  | 7
 +-----+-----+-----+-----+-----+-----+-----+-----+
 |     |     |     |  ♙  |     |     |     |     | 6
 +-----+-----+-----+-----+-----+-----+-----+-----+
 |     |     |     |     |     |  ♗  |     |     | 5
 +-----+-----+-----+-----+-----+-----+-----+-----+
 |     |     |     |     |     |  ♝  |     |     | 4
 +-----+-----+-----+-----+-----+-----+-----+-----+
 |     |     |  ♟  |  ♟  |     |     |     |     | 3
 +-----+-----+-----+-----+-----+-----+-----+-----+
 |  ♟  |  ♟  |     |     |  ♟  |  ♟  |  ♟  |  ♟  | 2
 +-----+-----+-----+-----+-----+-----+-----+-----+
 |  ♜  |  ♞  |     |  ♛  |  ♚  |  ♝  |  ♞  |  ♜  | 1
 +-----+-----+-----+-----+-----+-----+-----+-----+
[Black]
    a     b     c     d     e     f     g     h    
 +-----+-----+-----+-----+-----+-----+-----+-----+
 |  ♖  |  ♘  |     |  ♕  |  ♔  |  ♗  |  ♘  |  ♖  | 8
 +-----+-----+-----+-----+-----+-----+-----+-----+
 |  ♙  |  ♙  |     |     |  ♙  |  ♙  |  ♙  |  ♙  | 7
 +-----+-----+-----+-----+-----+-----+-----+-----+
 |     |     |  ♙  |  ♙  |     |     |     |     | 6
 +-----+-----+-----+-----+-----+-----+-----+-----+
 |     |     |     |     |     |  ♗  |     |     | 5
 +-----+-----+-----+-----+-----+-----+-----+-----+
 |     |     |     |     |     |  ♝  |     |     | 4
 +-----+-----+-----+-----+-----+-----+-----+-----+
 |     |     |  ♟  |  ♟  |     |     |     |     | 3
 +-----+-----+-----+-----+-----+-----+-----+-----+
 |  ♟  |  ♟  |     |     |  ♟  |  ♟  |  ♟  |  ♟  | 2
 +-----+-----+-----+-----+-----+-----+-----+-----+
 |  ♜  |  ♞  |     |  ♛  |  ♚  |  ♝  |  ♞  |  ♜  | 1
 +-----+-----+-----+-----+-----+-----+-----+-----+
[White]
    a     b     c     d     e     f     g     h    
 +-----+-----+-----+-----+-----+-----+-----+-----+
 |  ♖  |  ♘  |     |  ♕  |  ♔  |  ♗  |  ♘  |  ♖  | 8
 +-----+-----+-----+-----+-----+-----+-----+-----+
 |  ♙  |  ♙  |     |     |  ♙  |  ♙  |  ♙  |  ♙  | 7
 +-----+-----+-----+-----+-----+-----+-----+-----+
 |     |     |  ♙  |  ♙  |     |     |     |     | 6
 +-----+-----+-----+-----+-----+-----+-----+-----+
 |     |     |     |     |     |  ♗  |     |     | 5
 +-----+-----+-----+-----+-----+-----+-----+-----+
 |  ♛  |     |     |     |     |  ♝  |     |     | 4
 +-----+-----+-----+-----+-----+-----+-----+-----+
 |     |     |  ♟  |  ♟  |     |     |     |     | 3
 +-----+-----+-----+-----+-----+-----+-----+-----+
 |  ♟  |  ♟  |     |     |  ♟  |  ♟  |  ♟  |  ♟  | 2
 +-----+-----+-----+-----+-----+-----+-----+-----+
 |  ♜  |  ♞  |     |     |  ♚  |  ♝  |  ♞  |  ♜  | 1
 +-----+-----+-----+-----+-----+-----+-----+-----+
[Black]
    a     b     c     d     e     f     g     h    
 +-----+-----+-----+-----+-----+-----+-----+-----+
 |  ♖  |  ♘  |     |     |  ♔  |  ♗  |  ♘  |  ♖  | 8
 +-----+-----+-----+-----+-----+-----+-----+-----+
 |  ♙  |  ♙  |     |     |  ♙  |  ♙  |  ♙  |  ♙  | 7
 +-----+-----+-----+-----+-----+-----+-----+-----+
 |     |     |  ♙  |  ♙  |     |     |     |     | 6
 +-----+-----+-----+-----+-----+-----+-----+-----+
 |  ♕  |     |     |     |     |  ♗  |     |     | 5
 +-----+-----+-----+-----+-----+-----+-----+-----+
 |  ♛  |     |     |     |     |  ♝  |     |     | 4
 +-----+-----+-----+-----+-----+-----+-----+-----+
 |     |     |  ♟  |  ♟  |     |     |     |     | 3
 +-----+-----+-----+-----+-----+-----+-----+-----+
 |  ♟  |  ♟  |     |     |  ♟  |  ♟  |  ♟  |  ♟  | 2
 +-----+-----+-----+-----+-----+-----+-----+-----+
 |  ♜  |  ♞  |     |     |  ♚  |  ♝  |  ♞  |  ♜  | 1
 +-----+-----+-----+-----+-----+-----+-----+-----+
[White]
wR,wN,,,wK,wB,wN,wR,wP,wP,,,wP,wP,wP,wP,,,wP,wP,,,,,wQ,,,,,wB,,,bQ,,,,,bB,,,,,bP,bP,,,,,bP,bP,,,bP,bP,bP,bP,bR,bN,,,bK,bB,bN,bR, ?-?
  -> [0;32mreference position: OK[0m
  -> [0;32mreference result: OK[0m
  -> [0m(exit code=0)
[0;33m> data/1-ill-knight-1.txt[0m
    a     b     c     d     e     f     g     h    
 +-----+-----+-----+-----+-----+-----+-----+-----+
 |  ♖  |  ♘  |  ♗  |  ♕  |  ♔  |  ♗  |  ♘  |  ♖  | 8
 +-----+-----+-----+-----+-----+-----+-----+-----+
 |  ♙  |  ♙  |  ♙  |  ♙  |  ♙  |  ♙  |  ♙  |  ♙  | 7
 +-----+-----+-----+-----+-----+-----+-----+-----+
 |     |     |     |     |     |     |     |     | 6
 +-----+-----+-----+-----+-----+-----+-----+-----+
 |     |     |     |     |     |     |     |     | 5
 +-----+-----+-----+-----+-----+-----+-----+-----+
 |     |     |     |     |     |     |     |     | 4
 +-----+-----+-----+-----+-----+-----+-----+-----+
 |     |     |     |     |     |     |     |     | 3
 +-----+-----+-----+-----+-----+-----+-----+-----+
 |  ♟  |  ♟  |  ♟  |  ♟  |  ♟  |  ♟  |  ♟  |  ♟  | 2
 +-----+-----+-----+-----+-----+-----+-----+-----+
 |  ♜  |  ♞  |  ♝  |  ♛  |  ♚  |  ♝  |  ♞  |  ♜  | 1
 +-----+-----+-----+-----+-----+-----+-----+-----+
[White]
    a     b     c     d     e     f     g     h    
 +-----+-----+-----+-----+-----+-----+-----+-----+
 |  ♖  |  ♘  |  ♗  |  ♕  |  ♔  |  ♗  |  ♘  |  ♖  | 8
 +-----+-----+-----+-----+-----+-----+-----+-----+
 |  ♙  |  ♙  |  ♙  |  ♙  |  ♙  |  ♙  |  ♙  |  ♙  | 7
 +-----+-----+-----+-----+-----+-----+-----+-----+
 |     |     |     |     |     |     |     |     | 6
 +-----+-----+-----+-----+-----+-----+-----+-----+
 |     |     |     |     |     |     |     |     | 5
 +-----+-----+-----+-----+-----+-----+-----+-----+
 |     |     |     |     |     |     |     |     | 4
 +-----+-----+-----+-----+-----+-----+-----+-----+
 |     |     |     |     |     |     |     |     | 3
 +-----+-----+-----+-----+-----+-----+-----+-----+
 |  ♟  |  ♟  |  ♟  |  ♟  |  ♟  |  ♟  |  ♟  |  ♟  | 2
 +-----+-----+-----+-----+-----+-----+-----+-----+
 |  ♜  |  ♞  |  ♝  |  ♛  |  ♚  |  ♝  |  ♞  |  ♜  | 1
 +-----+-----+-----+-----+-----+-----+-----+-----+
[White]
    a     b     c     d     e     f     g     h    
 +-----+-----+-----+-----+-----+-----+-----+-----+
 |  ♖  |  ♘  |  ♗  |  ♕  |  ♔  |  ♗  |  ♘  |  ♖  | 8
 +-----+-----+-----+-----+-----+-----+-----+-----+
 |  ♙  |  ♙  |  ♙  |  ♙  |  ♙  |  ♙  |  ♙  |  ♙  | 7
 +-----+-----+-----+-----+-----+-----+-----+-----+
 |     |     |     |     |     |     |     |     | 6
 +-----+-----+-----+-----+-----+-----+-----+-----+
 |     |     |     |     |     |     |     |     | 5
 +-----+-----+-----+-----+-----+-----+-----+-----+
 |     |     |     |     |     |     |     |     | 4
 +-----+-----+-----+-----+-----+-----+-----+-----+
 |     |     |  ♞  |     |     |     |     |     | 3
 +-----+-----+-----+-----+-----+-----+-----+-----+
 |  ♟  |  ♟  |  ♟  |  ♟  |  ♟  |  ♟  |  ♟  |  ♟  | 2
 +-----+-----+-----+-----+-----+-----+-----+-----+
 |  ♜  |     |  ♝  |  ♛  |  ♚  |  ♝  |  ♞  |  ♜  | 1
 +-----+-----+-----+-----+-----+-----+-----+-----+
[Black]
    a     b     c     d     e     f     g     h    
 +-----+-----+-----+-----+-----+-----+-----+-----+
 |  ♖  |  ♘  |  ♗  |  ♕  |  ♔  |  ♗  |  ♘  |  ♖  | 8
 +-----+-----+-----+-----+-----+-----+-----+-----+
 |  ♙  |  ♙  |  ♙  |  ♙  |  ♙  |  ♙  |  ♙  |  ♙  | 7
 +-----+-----+-----+-----+-----+-----+-----+-----+
 |     |     |     |     |     |     |     |     | 6
 +-----+-----+-----+-----+-----+-----+-----+-----+
 |     |     |     |     |     |     |     |     | 5
 +-----+-----+-----+-----+-----+-----+-----+-----+
 |     |     |     |     |     |     |     |     | 4
 +-----+-----+-----+-----+-----+-----+-----+-----+
 |     |     |  ♞  |     |     |     |     |     | 3
 +-----+-----+-----+-----+-----+-----+-----+-----+
 |  ♟  |  ♟  |  ♟  |  ♟  |  ♟  |  ♟  |  ♟  |  ♟  | 2
 +-----+-----+-----+-----+-----+-----+-----+-----+
 |  ♜  |     |  ♝  |  ♛  |  ♚  |  ♝  |  ♞  |  ♜  | 1
 +-----+-----+-----+-----+-----+-----+-----+-----+
[Black]
    a     b     c     d     e     f     g     h    
 +-----+-----+-----+-----+-----+-----+-----+-----+
 |  ♖  |  ♘  |  ♗  |  ♕  |  ♔  |  ♗  |     |  ♖  | 8
 +-----+-----+-----+-----+-----+-----+-----+-----+
 |  ♙  |  ♙  |  ♙  |  ♙  |  ♙  |  ♙  |  ♙  |  ♙  | 7
 +-----+-----+-----+-----+-----+-----+-----+-----+
 |     |     |     |     |     |  ♘  |     |     | 6
 +-----+-----+-----+-----+-----+-----+-----+-----+
 |     |     |     |     |     |     |     |     | 5
 +-----+-----+-----+-----+-----+-----+-----+-----+
 |     |     |     |     |     |     |     |     | 4
 +-----+-----+-----+-----+-----+-----+-----+-----+
 |     |     |  ♞  |     |     |     |     |     | 3
 +-----+-----+-----+-----+-----+-----+-----+-----+
 |  ♟  |  ♟  |  ♟  |  ♟  |  ♟  |  ♟  |  ♟  |  ♟  | 2
 +-----+-----+-----+-----+-----+-----+-----+-----+
 |  ♜  |     |  ♝  |  ♛  |  ♚  |  ♝  |  ♞  |  ♜  | 1
 +-----+-----+-----+-----+-----+-----+-----+-----+
[White]
    a     b     c     d     e     f     g     h    
 +-----+-----+-----+-----+-----+-----+-----+-----+
 |  ♖  |  ♘  |  ♗  |  ♕  |  ♔  |  ♗  |     |  ♖  | 8
 +-----+-----+-----+-----+-----+-----+-----+-----+
 |  ♙  |  ♙  |  ♙  |  ♙  |  ♙  |  ♙  |  ♙  |  ♙  | 7
 +-----+-----+-----+-----+-----+-----+-----+-----+
 |     |     |     |     |     |  ♘  |     |     | 6
 +-----+-----+-----+-----+-----+-----+-----+-----+
 |     |     |     |     |     |     |     |     | 5
 +-----+-----+-----+-----+-----+-----+-----+-----+
 |     |     |     |     |     |     |     |     | 4
 +-----+-----+-----+-----+-----+-----+-----+-----+
 |     |     |  ♞  |     |     |     |     |     | 3
 +-----+-----+-----+-----+-----+-----+-----+-----+
 |  ♟  |  ♟  |  ♟  |  ♟  |  ♟  |  ♟  |  ♟  |  ♟  | 2
 +-----+-----+-----+-----+-----+-----+-----+-----+
 |  ♜  |     |  ♝  |  ♛  |  ♚  |  ♝  |  ♞  |  ♜  | 1
 +-----+-----+-----+-----+-----+-----+-----+-----+
[White]
    a     b     c     d     e     f     g     h    
 +-----+-----+-----+-----+-----+-----+-----+-----+
 |  ♖  |  ♘  |  ♗  |  ♕  |  ♔  |  ♗  |     |  ♖  | 8
 +-----+-----+-----+-----+-----+-----+-----+-----+
 |  ♙  |  ♙  |  ♙  |  ♙  |  ♙  |  ♙  |  ♙  |  ♙  | 7
 +-----+-----+-----+-----+-----+-----+-----+-----+
 |     |     |     |     |     |  ♘  |     |     | 6
 +-----+-----+-----+-----+-----+-----+-----+-----+
 |     |     |     |     |     |     |     |     | 5
 +-----+-----+-----+-----+-----+-----+-----+-----+
 |     |     |     |     |  ♞  |     |     |     | 4
 +-----+-----+-----+-----+-----+-----+-----+-----+
 |     |     |     |     |     |     |     |     | 3
 +-----+-----+-----+-----+-----+-----+-----+-----+
 |  ♟  |  ♟  |  ♟  |  ♟  |  ♟  |  ♟  |  ♟  |  ♟  | 2
 +-----+-----+-----+-----+-----+-----+-----+-----+
 |  ♜  |     |  ♝  |  ♛  |  ♚  |  ♝  |  ♞  |  ♜  | 1
 +-----+-----+-----+-----+-----+-----+-----+-----+
[Black]
wR,,wB,wQ,wK,wB,wN,wR,wP,wP,wP,wP,wP,wP,wP,wP,,,,,,,,,,,,,wN,,,,,,,,,,,,,,,,,bN,,,bP,bP,bP,bP,bP,bP,bP,bP,bR,bN,bB,bQ,bK,bB,,bR, ?-?
  -> [0;32mreference position: OK[0m
  -> [0;32mreference result: OK[0m
  -> [0m(exit code=0)
[0;33m> data/1-ill-line-obstacle.txt[0m
    a     b     c     d     e     f     g     h    
 +-----+-----+-----+-----+-----+-----+-----+-----+
 |  ♖  |  ♘  |  ♗  |  ♕  |  ♔  |  ♗  |  ♘  |  ♖  | 8
 +-----+-----+-----+-----+-----+-----+-----+-----+
 |  ♙  |  ♙  |  ♙  |  ♙  |  ♙  |  ♙  |  ♙  |  ♙  | 7
 +-----+-----+-----+-----+-----+-----+-----+-----+
 |     |     |     |     |     |     |     |     | 6
 +-----+-----+-----+-----+-----+-----+-----+-----+
 |     |     |     |     |     |     |     |     | 5
 +-----+-----+-----+-----+-----+-----+-----+-----+
 |     |     |     |     |     |     |     |     | 4
 +-----+-----+-----+-----+-----+-----+-----+-----+
 |     |     |     |     |     |     |     |     | 3
 +-----+-----+-----+-----+-----+-----+-----+-----+
 |  ♟  |  ♟  |  ♟  |  ♟  |  ♟  |  ♟  |  ♟  |  ♟  | 2
 +-----+-----+-----+-----+-----+-----+-----+-----+
 |  ♜  |  ♞  |  ♝  |  ♛  |  ♚  |  ♝  |  ♞  |  ♜  | 1
 +-----+-----+-----+-----+-----+-----+-----+-----+
[White]
    a     b     c     d     e     f     g     h    
 +-----+-----+-----+-----+-----+-----+-----+-----+
 |  ♖  |  ♘  |  ♗  |  ♕  |  ♔  |  ♗  |  ♘  |  ♖  | 8
 +-----+-----+-----+-----+-----+-----+-----+-----+
 |  ♙  |  ♙  |  ♙  |  ♙  |  ♙  |  ♙  |  ♙  |  ♙  | 7
 +-----+-----+-----+-----+-----+-----+-----+-----+
 |     |     |     |     |     |     |     |     | 6
 +-----+-----+-----+-----+-----+-----+-----+-----+
 |     |     |     |     |     |     |     |     | 5
 +-----+-----+-----+-----+-----+-----+-----+-----+
 |     |     |     |     |     |     |     |     | 4
 +-----+-----+-----+-----+-----+-----+-----+-----+
 |     |     |     |     |     |     |     |     | 3
 +-----+-----+-----+-----+-----+-----+-----+-----+
 |  ♟  |  ♟  |  ♟  |  ♟  |  ♟  |  ♟  |  ♟  |  ♟  | 2
 +-----+-----+-----+-----+-----+-----+-----+-----+
 |  ♜  |  ♞  |  ♝  |  ♛  |  ♚  |  ♝  |  ♞  |  ♜  | 1
 +-----+-----+-----+-----+-----+-----+-----+-----+
[White]
    a     b     c     d     e     f     g     h    
 +-----+-----+-----+-----+-----+-----+-----+-----+
 |  ♖  |  ♘  |  ♗  |  ♕  |  ♔  |  ♗  |  ♘  |  ♖  | 8
 +-----+-----+-----+-----+-----+-----+-----+-----+
 |  ♙  |  ♙  |  ♙  |  ♙  |  ♙  |  ♙  |  ♙  |  ♙  | 7
 +-----+-----+-----+-----+-----+-----+-----+-----+
 |     |     |     |     |     |     |     |     | 6
 +-----+-----+-----+-----+-----+-----+-----+-----+
 |     |     |     |     |     |     |     |     | 5
 +-----+-----+-----+-----+-----+-----+-----+-----+
 |  ♟  |     |     |     |     |     |     |     | 4
 +-----+-----+-----+-----+-----+-----+-----+-----+
 |     |     |     |     |     |     |     |     | 3
 +-----+-----+-----+-----+-----+-----+-----+-----+
 |     |  ♟  |  ♟  |  ♟  |  ♟  |  ♟  |  ♟  |  ♟  | 2
 +-----+-----+-----+-----+-----+-----+-----+-----+
 |  ♜  |  ♞  |  ♝  |  ♛  |  ♚  |  ♝  |  ♞  |  ♜  | 1
 +-----+-----+-----+-----+-----+-----+-----+-----+
[Black]
    a     b     c     d     e     f     g     h    
 +-----+-----+-----+-----+-----+-----+-----+-----+
 |  ♖  |  ♘  |  ♗  |  ♕  |  ♔  |  ♗  |  ♘  |  ♖  | 8
 +-----+-----+-----+-----+-----+-----+-----+-----+
 |  ♙  |  ♙  |  ♙  |  ♙  |  ♙  |  ♙  |  ♙  |  ♙  | 7
 +-----+-----+-----+-----+-----+-----+-----+-----+
 |     |     |     |     |     |     |     |     | 6
 +-----+-----+-----+-----+-----+-----+-----+-----+
 |     |     |     |     |     |     |     |     | 5
 +-----+-----+-----+-----+-----+-----+-----+-----+
 |  ♟  |     |     |     |     |     |     |     | 4
 +-----+-----+-----+-----+-----+-----+-----+-----+
 |     |     |     |     |     |     |     |     | 3
 +-----+-----+-----+-----+-----+-----+-----+-----+
 |     |  ♟  |  ♟  |  ♟  |  ♟  |  ♟  |  ♟  |  ♟  | 2
 +-----+-----+-----+-----+-----+-----+-----+-----+
 |  ♜  |  ♞  |  ♝  |  ♛  |  ♚  |  ♝  |  ♞  |  ♜  | 1
 +-----+-----+-----+-----+-----+-----+-----+-----+
[Black]
    a     b     c     d     e     f     g     h    
 +-----+-----+-----+-----+-----+-----+-----+-----+
 |  ♖  |  ♘  |  ♗  |  ♕  |  ♔  |  ♗  |  ♘  |  ♖  | 8
 +-----+-----+-----+-----+-----+-----+-----+-----+
 |     |  ♙  |  ♙  |  ♙  |  ♙  |  ♙  |  ♙  |  ♙  | 7
 +-----+-----+-----+-----+-----+-----+-----+-----+
 |     |     |     |     |     |     |     |     | 6
 +-----+-----+-----+-----+-----+-----+-----+-----+
 |  ♙  |     |     |     |     |     |     |     | 5
 +-----+-----+-----+-----+-----+-----+-----+-----+
 |  ♟  |     |     |     |     |     |     |     | 4
 +-----+-----+-----+-----+-----+-----+-----+-----+
 |     |     |     |     |     |     |     |     | 3
 +-----+-----+-----+-----+-----+-----+-----+-----+
 |     |  ♟  |  ♟  |  ♟  |  ♟  |  ♟  |  ♟  |  ♟  | 2
 +-----+-----+-----+-----+-----+-----+-----+-----+
 |  ♜  |  ♞  |  ♝  |  ♛  |  ♚  |  ♝  |  ♞  |  ♜  | 1
 +-----+-----+-----+-----+-----+-----+-----+-----+
[White]
    a     b     c     d     e     f     g     h    
 +-----+-----+-----+-----+-----+-----+-----+-----+
 |  ♖  |  ♘  |  ♗  |  ♕  |  ♔  |  ♗  |  ♘  |  ♖  | 8
 +-----+-----+-----+-----+-----+-----+-----+-----+
 |     |  ♙  |  ♙  |  ♙  |  ♙  |  ♙  |  ♙  |  ♙  | 7
 +-----+-----+-----+-----+-----+-----+-----+-----+
 |     |     |     |     |     |     |     |     | 6
 +-----+-----+-----+-----+-----+-----+-----+-----+
 |  ♙  |     |     |     |     |     |     |     | 5
 +-----+-----+-----+-----+-----+-----+-----+-----+
 |  ♟  |     |     |     |     |     |     |     | 4
 +-----+-----+-----+-----+-----+-----+-----+-----+
 |  ♜  |     |     |     |     |     |     |     | 3
 +-----+-----+-----+-----+-----+-----+-----+-----+
 |     |  ♟  |  ♟  |  ♟  |  ♟  |  ♟  |  ♟  |  ♟  | 2
 +-----+-----+-----+-----+-----+-----+-----+-----+
 |     |  ♞  |  ♝  |  ♛  |  ♚  |  ♝  |  ♞  |  ♜  | 1
 +-----+-----+-----+-----+-----+-----+-----+-----+
[Black]
    a     b     c     d     e     f     g     h    
 +-----+-----+-----+-----+-----+-----+-----+-----+
 |     |  ♘  |  ♗  |  ♕  |  ♔  |  ♗  |  ♘  |  ♖  | 8
 +-----+-----+-----+-----+-----+-----+-----+-----+
 |     |  ♙  |  ♙  |  ♙  |  ♙  |  ♙  |  ♙  |  ♙  | 7
 +-----+-----+-----+-----+-----+-----+-----+-----+
 |  ♖  |     |     |     |     |     |     |     | 6
 +-----+-----+-----+-----+-----+-----+-----+-----+
 |  ♙  |     |     |     |     |     |     |     | 5
 +-----+-----+-----+-----+-----+-----+-----+-----+
 |  ♟  |     |     |     |     |     |     |     | 4
 +-----+-----+-----+-----+-----+-----+-----+-----+
 |  ♜  |     |     |     |     |     |     |     | 3
 +-----+-----+-----+-----+-----+-----+-----+-----+
 |     |  ♟  |  ♟  |  ♟  |  ♟  |  ♟  |  ♟  |  ♟  | 2
 +-----+-----+-----+-----+-----+-----+-----+-----+
 |     |  ♞  |  ♝  |  ♛  |  ♚  |  ♝  |  ♞  |  ♜  | 1
 +-----+-----+-----+-----+-----+-----+-----+-----+
[White]
    a     b     c     d     e     f     g     h    
 +-----+-----+-----+-----+-----+-----+-----+-----+
 |     |  ♘  |  ♗  |  ♕  |  ♔  |  ♗  |  ♘  |  ♖  | 8
 +-----+-----+-----+-----+-----+-----+-----+-----+
 |     |  ♙  |  ♙  |  ♙  |  ♙  |  ♙  |  ♙  |  ♙  | 7
 +-----+-----+-----+-----+-----+-----+-----+-----+
 |  ♖  |     |     |     |     |     |     |     | 6
 +-----+-----+-----+-----+-----+-----+-----+-----+
 |  ♙  |     |     |     |     |     |     |     | 5
 +-----+-----+-----+-----+-----+-----+-----+-----+
 |  ♟  |     |     |     |     |     |     |     | 4
 +-----+-----+-----+-----+-----+-----+-----+-----+
 |     |     |     |     |     |     |     |  ♜  | 3
 +-----+-----+-----+-----+-----+-----+-----+-----+
 |     |  ♟  |  ♟  |  ♟  |  ♟  |  ♟  |  ♟  |  ♟  | 2
 +-----+-----+-----+-----+-----+-----+-----+-----+
 |     |  ♞  |  ♝  |  ♛  |  ♚  |  ♝  |  ♞  |  ♜  | 1
 +-----+-----+-----+-----+-----+-----+-----+-----+
[Black]
    a     b     c     d     e     f     g     h    
 +-----+-----+-----+-----+-----+-----+-----+-----+
 |     |  ♘  |  ♗  |  ♕  |  ♔  |  ♗  |  ♘  |  ♖  | 8
 +-----+-----+-----+-----+-----+-----+-----+-----+
 |     |  ♙  |  ♙  |  ♙  |  ♙  |  ♙  |  ♙  |  ♙  | 7
 +-----+-----+-----+-----+-----+-----+-----+-----+
 |     |     |     |     |     |     |     |  ♖  | 6
 +-----+-----+-----+-----+-----+-----+-----+-----+
 |  ♙  |     |     |     |     |     |     |     | 5
 +-----+-----+-----+-----+-----+-----+-----+-----+
 |  ♟  |     |     |     |     |     |     |     | 4
 +-----+-----+-----+-----+-----+-----+-----+-----+
 |     |     |     |     |     |     |     |  ♜  | 3
 +-----+-----+-----+-----+-----+-----+-----+-----+
 |     |  ♟  |  ♟  |  ♟  |  ♟  |  ♟  |  ♟  |  ♟  | 2
 +-----+-----+-----+-----+-----+-----+-----+-----+
 |     |  ♞  |  ♝  |  ♛  |  ♚  |  ♝  |  ♞  |  ♜  | 1
 +-----+-----+-----+-----+-----+-----+-----+-----+
[White]
    a     b     c     d     e     f     g     h    
 +-----+-----+-----+-----+-----+-----+-----+-----+
 |     |  ♘  |  ♗  |  ♕  |  ♔  |  ♗  |  ♘  |  ♖  | 8
 +-----+-----+-----+-----+-----+-----+-----+-----+
 |     |  ♙  |  ♙  |  ♙  |  ♙  |  ♙  |  ♙  |  ♙  | 7
 +-----+-----+-----+-----+-----+-----+-----+-----+
 |     |     |     |     |     |     |     |  ♖  | 6
 +-----+-----+-----+-----+-----+-----+-----+-----+
 |  ♙  |     |     |     |     |     |     |     | 5
 +-----+-----+-----+-----+-----+-----+-----+-----+
 |  ♟  |     |     |     |     |     |     |     | 4
 +-----+-----+-----+-----+-----+-----+-----+-----+
 |     |     |     |     |  ♜  |     |     |     | 3
 +-----+-----+-----+-----+-----+-----+-----+-----+
 |     |  ♟  |  ♟  |  ♟  |  ♟  |  ♟  |  ♟  |  ♟  | 2
 +-----+-----+-----+-----+-----+-----+-----+-----+
 |     |  ♞  |  ♝  |  ♛  |  ♚  |  ♝  |  ♞  |  ♜  | 1
 +-----+-----+-----+-----+-----+-----+-----+-----+
[Black]
    a     b     c     d     e     f     g     h    
 +-----+-----+-----+-----+-----+-----+-----+-----+
 |     |  ♘  |  ♗  |  ♕  |  ♔  |  ♗  |  ♘  |  ♖  | 8
 +-----+-----+-----+-----+-----+-----+-----+-----+
 |     |  ♙  |  ♙  |  ♙  |  ♙  |  ♙  |  ♙  |  ♙  | 7
 +-----+-----+-----+-----+-----+-----+-----+-----+
 |     |     |     |     |  ♖  |     |     |     | 6
 +-----+-----+-----+-----+-----+-----+-----+-----+
 |  ♙  |     |     |     |     |     |     |     | 5
 +-----+-----+-----+-----+-----+-----+-----+-----+
 |  ♟  |     |     |     |     |     |     |     | 4
 +-----+-----+-----+-----+-----+-----+-----+-----+
 |     |     |     |     |  ♜  |     |     |     | 3
 +-----+-----+-----+-----+-----+-----+-----+-----+
 |     |  ♟  |  ♟  |  ♟  |  ♟  |  ♟  |  ♟  |  ♟  | 2
 +-----+-----+-----+-----+-----+-----+-----+-----+
 |     |  ♞  |  ♝  |  ♛  |  ♚  |  ♝  |  ♞  |  ♜  | 1
 +-----+-----+-----+-----+-----+-----+-----+-----+
[White]
    a     b     c     d     e     f     g     h    
 +-----+-----+-----+-----+-----+-----+-----+-----+
 |     |  ♘  |  ♗  |  ♕  |  ♔  |  ♗  |  ♘  |  ♖  | 8
 +-----+-----+-----+-----+-----+-----+-----+-----+
 |     |  ♙  |  ♙  |  ♙  |  ♙  |  ♙  |  ♙  |  ♙  | 7
 +-----+-----+-----+-----+-----+-----+-----+-----+
 |     |     |     |     |  ♖  |     |     |     | 6
 +-----+-----+-----+-----+-----+-----+-----+-----+
 |  ♙  |     |     |     |     |     |     |     | 5
 +-----+-----+-----+-----+-----+-----+-----+-----+
 |  ♟  |     |     |     |     |     |     |     | 4
 +-----+-----+-----+-----+-----+-----+-----+-----+
 |     |     |     |  ♟  |  ♜  |     |     |     | 3
 +-----+-----+-----+-----+-----+-----+-----+-----+
 |     |  ♟  |  ♟  |     |  ♟  |  ♟  |  ♟  |  ♟  | 2
 +-----+-----+-----+-----+-----+-----+-----+-----+
 |     |  ♞  |  ♝  |  ♛  |  ♚  |  ♝  |  ♞  |  ♜  | 1
 +-----+-----+-----+-----+-----+-----+-----+-----+
[Black]
    a     b     c     d     e     f     g     h    
 +-----+-----+-----+-----+-----+-----+-----+-----+
 |     |  ♘  |  ♗  |  ♕  |  ♔  |  ♗  |  ♘  |  ♖  | 8
 +-----+-----+-----+-----+-----+-----+-----+-----+
 |     |  ♙  |  ♙  |     |  ♙  |  ♙  |  ♙  |  ♙  | 7
 +-----+-----+-----+-----+-----+-----+-----+-----+
 |     |     |     |  ♙  |  ♖  |     |     |     | 6
 +-----+-----+-----+-----+-----+-----+-----+-----+
 |  ♙  |     |     |     |     |     |     |     | 5
 +-----+-----+-----+-----+-----+-----+-----+-----+
 |  ♟  |     |     |     |     |     |     |     | 4
 +-----+-----+-----+-----+-----+-----+-----+-----+
 |     |     |     |  ♟  |  ♜  |     |     |     | 3
 +-----+-----+-----+-----+-----+-----+-----+-----+
 |     |  ♟  |  ♟  |     |  ♟  |  ♟  |  ♟  |  ♟  | 2
 +-----+-----+-----+-----+-----+-----+-----+-----+
 |     |  ♞  |  ♝  |  ♛  |  ♚  |  ♝  |  ♞  |  ♜  | 1
 +-----+-----+-----+-----+-----+-----+-----+-----+
[White]
    a     b     c     d     e     f     g     h    
 +-----+-----+-----+-----+-----+-----+-----+-----+
 |     |  ♘  |  ♗  |  ♕  |  ♔  |  ♗  |  ♘  |  ♖  | 8
 +-----+-----+-----+-----+-----+-----+-----+-----+
 |     |  ♙  |  ♙  |     |  ♙  |  ♙  |  ♙  |  ♙  | 7
 +-----+-----+-----+-----+-----+-----+-----+-----+
 |     |     |     |  ♙  |  ♖  |     |     |     | 6
 +-----+-----+-----+-----+-----+-----+-----+-----+
 |  ♙  |     |     |     |     |     |     |     | 5
 +-----+-----+-----+-----+-----+-----+-----+-----+
 |  ♟  |     |     |     |     |     |     |     | 4
 +-----+-----+-----+-----+-----+-----+-----+-----+
 |     |     |     |  ♟  |  ♜  |  ♟  |     |     | 3
 +-----+-----+-----+-----+-----+-----+-----+-----+
 |     |  ♟  |  ♟  |     |  ♟  |     |  ♟  |  ♟  | 2
 +-----+-----+-----+-----+-----+-----+-----+-----+
 |     |  ♞  |  ♝  |  ♛  |  ♚  |  ♝  |  ♞  |  ♜  | 1
 +-----+-----+-----+-----+-----+-----+-----+-----+
[Black]
    a     b     c     d     e     f     g     h    
 +-----+-----+-----+-----+-----+-----+-----+-----+
 |     |  ♘  |  ♗  |  ♕  |  ♔  |  ♗  |  ♘  |  ♖  | 8
 +-----+-----+-----+-----+-----+-----+-----+-----+
 |     |  ♙  |  ♙  |     |  ♙  |     |  ♙  |  ♙  | 7
 +-----+-----+-----+-----+-----+-----+-----+-----+
 |     |     |     |  ♙  |  ♖  |  ♙  |     |     | 6
 +-----+-----+-----+-----+-----+-----+-----+-----+
 |  ♙  |     |     |     |     |     |     |     | 5
 +-----+-----+-----+-----+-----+-----+-----+-----+
 |  ♟  |     |     |     |     |     |     |     | 4
 +-----+-----+-----+-----+-----+-----+-----+-----+
 |     |     |     |  ♟  |  ♜  |  ♟  |     |     | 3
 +-----+-----+-----+-----+-----+-----+-----+-----+
 |     |  ♟  |  ♟  |     |  ♟  |     |  ♟  |  ♟  | 2
 +-----+-----+-----+-----+-----+-----+-----+-----+
 |     |  ♞  |  ♝  |  ♛  |  ♚  |  ♝  |  ♞  |  ♜  | 1
 +-----+-----+-----+-----+-----+-----+-----+-----+
[White]
    a     b     c     d     e     f     g     h    
 +-----+-----+-----+-----+-----+-----+-----+-----+
 |     |  ♘  |  ♗  |  ♕  |  ♔  |  ♗  |  ♘  |  ♖  | 8
 +-----+-----+-----+-----+-----+-----+-----+-----+
 |     |  ♙  |  ♙  |     |  ♙  |     |  ♙  |  ♙  | 7
 +-----+-----+-----+-----+-----+-----+-----+-----+
 |     |     |     |  ♙  |  ♖  |  ♙  |     |     | 6
 +-----+-----+-----+-----+-----+-----+-----+-----+
 |  ♙  |     |     |     |     |     |     |     | 5
 +-----+-----+-----+-----+-----+-----+-----+-----+
 |  ♟  |     |     |     |     |     |     |     | 4
 +-----+-----+-----+-----+-----+-----+-----+-----+
 |     |     |     |  ♟  |  ♜  |  ♟  |     |     | 3
 +-----+-----+-----+-----+-----+-----+-----+-----+
 |     |  ♟  |  ♟  |     |  ♟  |     |  ♟  |  ♟  | 2
 +-----+-----+-----+-----+-----+-----+-----+-----+
 |     |  ♞  |  ♝  |  ♛  |  ♚  |  ♝  |  ♞  |  ♜  | 1
 +-----+-----+-----+-----+-----+-----+-----+-----+
[White]
    a     b     c     d     e     f     g     h    
 +-----+-----+-----+-----+-----+-----+-----+-----+
 |     |  ♘  |  ♗  |  ♕  |  ♔  |  ♗  |  ♘  |  ♖  | 8
 +-----+-----+-----+-----+-----+-----+-----+-----+
 |     |  ♙  |  ♙  |     |  ♙  |     |  ♙  |  ♙  | 7
 +-----+-----+-----+-----+-----+-----+-----+-----+
 |     |     |     |  ♙  |  ♖  |  ♙  |     |     | 6
 +-----+-----+-----+-----+-----+-----+-----+-----+
 |  ♙  |     |     |     |     |     |     |     | 5
 +-----+-----+-----+-----+-----+-----+-----+-----+
 |  ♟  |     |     |     |     |     |     |     | 4
 +-----+-----+-----+-----+-----+-----+-----+-----+
 |     |     |     |  ♟  |  ♜  |  ♟  |     |     | 3
 +-----+-----+-----+-----+-----+-----+-----+-----+
 |     |  ♟  |  ♟  |     |  ♟  |     |  ♟  |  ♟  | 2
 +-----+-----+-----+-----+-----+-----+-----+-----+
 |     |  ♞  |  ♝  |  ♛  |  ♚  |  ♝  |  ♞  |  ♜  | 1
 +-----+-----+-----+-----+-----+-----+-----+-----+
[White]
    a     b     c     d     e     f     g     h    
 +-----+-----+-----+-----+-----+-----+-----+-----+
 |     |  ♘  |  ♗  |  ♕  |  ♔  |  ♗  |  ♘  |  ♖  | 8
 +-----+-----+-----+-----+-----+-----+-----+-----+
 |     |  ♙  |  ♙  |     |  ♙  |     |  ♙  |  ♙  | 7
 +-----+-----+-----+-----+-----+-----+-----+-----+
 |     |     |     |  ♙  |  ♖  |  ♙  |     |     | 6
 +-----+-----+-----+-----+-----+-----+-----+-----+
 |  ♙  |     |     |     |     |     |     |     | 5
 +-----+-----+-----+-----+-----+-----+-----+-----+
 |  ♟  |     |     |     |     |     |     |     | 4
 +-----+-----+-----+-----+-----+-----+-----+-----+
 |     |  ♟  |     |  ♟  |  ♜  |  ♟  |     |     | 3
 +-----+-----+-----+-----+-----+-----+-----+-----+
 |     |     |  ♟  |     |  ♟  |     |  ♟  |  ♟  | 2
 +-----+-----+-----+-----+-----+-----+-----+-----+
 |     |  ♞  |  ♝  |  ♛  |  ♚  |  ♝  |  ♞  |  ♜  | 1
 +-----+-----+-----+-----+-----+-----+-----+-----+
[Black]
    a     b     c     d     e     f     g     h    
 +-----+-----+-----+-----+-----+-----+-----+-----+
 |     |  ♘  |  ♗  |  ♕  |  ♔  |  ♗  |  ♘  |  ♖  | 8
 +-----+-----+-----+-----+-----+-----+-----+-----+
 |     |  ♙  |  ♙  |     |  ♙  |     |  ♙  |  ♙  | 7
 +-----+-----+-----+-----+-----+-----+-----+-----+
 |     |     |     |  ♙  |  ♖  |  ♙  |     |     | 6
 +-----+-----+-----+-----+-----+-----+-----+-----+
 |  ♙  |     |     |     |     |     |     |     | 5
 +-----+-----+-----+-----+-----+-----+-----+-----+
 |  ♟  |     |     |     |     |     |     |     | 4
 +-----+-----+-----+-----+-----+-----+-----+-----+
 |     |  ♟  |     |  ♟  |  ♜  |  ♟  |     |     | 3
 +-----+-----+-----+-----+-----+-----+-----+-----+
 |     |     |  ♟  |     |  ♟  |     |  ♟  |  ♟  | 2
 +-----+-----+-----+-----+-----+-----+-----+-----+
 |     |  ♞  |  ♝  |  ♛  |  ♚  |  ♝  |  ♞  |  ♜  | 1
 +-----+-----+-----+-----+-----+-----+-----+-----+
[Black]
    a     b     c     d     e     f     g     h    
 +-----+-----+-----+-----+-----+-----+-----+-----+
 |     |  ♘  |  ♗  |  ♕  |  ♔  |  ♗  |  ♘  |  ♖  | 8
 +-----+-----+-----+-----+-----+-----+-----+-----+
 |     |  ♙  |  ♙  |     |  ♙  |     |  ♙  |  ♙  | 7
 +-----+-----+-----+-----+-----+-----+-----+-----+
 |     |     |     |  ♙  |  ♖  |  ♙  |     |     | 6
 +-----+-----+-----+-----+-----+-----+-----+-----+
 |  ♙  |     |     |     |     |     |     |     | 5
 +-----+-----+-----+-----+-----+-----+-----+-----+
 |  ♟  |     |     |     |     |     |     |     | 4
 +-----+-----+-----+-----+-----+-----+-----+-----+
 |     |  ♟  |     |  ♟  |  ♜  |  ♟  |     |     | 3
 +-----+-----+-----+-----+-----+-----+-----+-----+
 |     |     |  ♟  |     |  ♟  |     |  ♟  |  ♟  | 2
 +-----+-----+-----+-----+-----+-----+-----+-----+
 |     |  ♞  |  ♝  |  ♛  |  ♚  |  ♝  |  ♞  |  ♜  | 1
 +-----+-----+-----+-----+-----+-----+-----+-----+
[Black]
,wN,wB,wQ,wK,wB,wN,wR,,,wP,,wP,,wP,wP,,wP,,wP,wR,wP,,,wP,,,,,,,,bP,,,,,,,,,,,bP,bR,bP,,,,bP,bP,,bP,,bP,bP,,bN,bB,bQ,bK,bB,bN,bR, ?-?
  -> [0;32mreference position: OK[0m
  -> [0;32mreference result: OK[0m
  -> [0m(exit code=0)
[0;33m> data/1-ill-pawn-1.txt[0m
    a     b     c     d     e     f     g     h    
 +-----+-----+-----+-----+-----+-----+-----+-----+
 |  ♖  |  ♘  |  ♗  |  ♕  |  ♔  |  ♗  |  ♘  |  ♖  | 8
 +-----+-----+-----+-----+-----+-----+-----+-----+
 |  ♙  |  ♙  |  ♙  |  ♙  |  ♙  |  ♙  |  ♙  |  ♙  | 7
 +-----+-----+-----+-----+-----+-----+-----+-----+
 |     |     |     |     |     |     |     |     | 6
 +-----+-----+-----+-----+-----+-----+-----+-----+
 |     |     |     |     |     |     |     |     | 5
 +-----+-----+-----+-----+-----+-----+-----+-----+
 |     |     |     |     |     |     |     |     | 4
 +-----+-----+-----+-----+-----+-----+-----+-----+
 |     |     |     |     |     |     |     |     | 3
 +-----+-----+-----+-----+-----+-----+-----+-----+
 |  ♟  |  ♟  |  ♟  |  ♟  |  ♟  |  ♟  |  ♟  |  ♟  | 2
 +-----+-----+-----+-----+-----+-----+-----+-----+
 |  ♜  |  ♞  |  ♝  |  ♛  |  ♚  |  ♝  |  ♞  |  ♜  | 1
 +-----+-----+-----+-----+-----+-----+-----+-----+
[White]
    a     b     c     d     e     f     g     h    
 +-----+-----+-----+-----+-----+-----+-----+-----+
 |  ♖  |  ♘  |  ♗  |  ♕  |  ♔  |  ♗  |  ♘  |  ♖  | 8
 +-----+-----+-----+-----+-----+-----+-----+-----+
 |  ♙  |  ♙  |  ♙  |  ♙  |  ♙  |  ♙  |  ♙  |  ♙  | 7
 +-----+-----+-----+-----+-----+-----+-----+-----+
 |     |     |     |     |     |     |     |     | 6
 +-----+-----+-----+-----+-----+-----+-----+-----+
 |     |     |     |     |     |     |     |     | 5
 +-----+-----+-----+-----+-----+-----+-----+-----+
 |     |     |     |     |  ♟  |     |     |     | 4
 +-----+-----+-----+-----+-----+-----+-----+-----+
 |     |     |     |     |     |     |     |     | 3
 +-----+-----+-----+-----+-----+-----+-----+-----+
 |  ♟  |  ♟  |  ♟  |  ♟  |     |  ♟  |  ♟  |  ♟  | 2
 +-----+-----+-----+-----+-----+-----+-----+-----+
 |  ♜  |  ♞  |  ♝  |  ♛  |  ♚  |  ♝  |  ♞  |  ♜  | 1
 +-----+-----+-----+-----+-----+-----+-----+-----+
[Black]
    a     b     c     d     e     f     g     h    
 +-----+-----+-----+-----+-----+-----+-----+-----+
 |  ♖  |  ♘  |  ♗  |  ♕  |  ♔  |  ♗  |  ♘  |  ♖  | 8
 +-----+-----+-----+-----+-----+-----+-----+-----+
 |  ♙  |  ♙  |  ♙  |  ♙  |     |  ♙  |  ♙  |  ♙  | 7
 +-----+-----+-----+-----+-----+-----+-----+-----+
 |     |     |     |     |     |     |     |     | 6
 +-----+-----+-----+-----+-----+-----+-----+-----+
 |     |     |     |     |  ♙  |     |     |     | 5
 +-----+-----+-----+-----+-----+-----+-----+-----+
 |     |     |     |     |  ♟  |     |     |     | 4
 +-----+-----+-----+-----+-----+-----+-----+-----+
 |     |     |     |     |     |     |     |     | 3
 +-----+-----+-----+-----+-----+-----+-----+-----+
 |  ♟  |  ♟  |  ♟  |  ♟  |     |  ♟  |  ♟  |  ♟  | 2
 +-----+-----+-----+-----+-----+-----+-----+-----+
 |  ♜  |  ♞  |  ♝  |  ♛  |  ♚  |  ♝  |  ♞  |  ♜  | 1
 +-----+-----+-----+-----+-----+-----+-----+-----+
[White]
    a     b     c     d     e     f     g     h    
 +-----+-----+-----+-----+-----+-----+-----+-----+
 |  ♖  |  ♘  |  ♗  |  ♕  |  ♔  |  ♗  |  ♘  |  ♖  | 8
 +-----+-----+-----+-----+-----+-----+-----+-----+
 |  ♙  |  ♙  |  ♙  |  ♙  |     |  ♙  |  ♙  |  ♙  | 7
 +-----+-----+-----+-----+-----+-----+-----+-----+
 |     |     |     |     |     |     |     |     | 6
 +-----+-----+-----+-----+-----+-----+-----+-----+
 |     |     |     |     |  ♙  |     |     |     | 5
 +-----+-----+-----+-----+-----+-----+-----+-----+
 |     |     |     |     |  ♟  |     |     |     | 4
 +-----+-----+-----+-----+-----+-----+-----+-----+
 |     |     |     |     |     |     |     |     | 3
 +-----+-----+-----+-----+-----+-----+-----+-----+
 |  ♟  |  ♟  |  ♟  |  ♟  |     |  ♟  |  ♟  |  ♟  | 2
 +-----+-----+-----+-----+-----+-----+-----+-----+
 |  ♜  |  ♞  |  ♝  |  ♛  |  ♚  |  ♝  |  ♞  |  ♜  | 1
 +-----+-----+-----+-----+-----+-----+-----+-----+
[White]
    a     b     c     d     e     f     g     h    
 +-----+-----+-----+-----+-----+-----+-----+-----+
 |  ♖  |  ♘  |  ♗  |  ♕  |  ♔  |  ♗  |  ♘  |  ♖  | 8
 +-----+-----+-----+-----+-----+-----+-----+-----+
 |  ♙  |  ♙  |  ♙  |  ♙  |     |  ♙  |  ♙  |  ♙  | 7
 +-----+-----+-----+-----+-----+-----+-----+-----+
 |     |     |     |     |     |     |     |     | 6
 +-----+-----+-----+-----+-----+-----+-----+-----+
 |     |     |     |     |  ♙  |     |     |     | 5
 +-----+-----+-----+-----+-----+-----+-----+-----+
 |     |     |     |  ♟  |  ♟  |     |     |     | 4
 +-----+-----+-----+-----+-----+-----+-----+-----+
 |     |     |     |     |     |     |     |     | 3
 +-----+-----+-----+-----+-----+-----+-----+-----+
 |  ♟  |  ♟  |  ♟  |     |     |  ♟  |  ♟  |  ♟  | 2
 +-----+-----+-----+-----+-----+-----+-----+-----+
 |  ♜  |  ♞  |  ♝  |  ♛  |  ♚  |  ♝  |  ♞  |  ♜  | 1
 +-----+-----+-----+-----+-----+-----+-----+-----+
[Black]
    a     b     c     d     e     f     g     h    
 +-----+-----+-----+-----+-----+-----+-----+-----+
 |  ♖  |  ♘  |  ♗  |  ♕  |  ♔  |  ♗  |  ♘  |  ♖  | 8
 +-----+-----+-----+-----+-----+-----+-----+-----+
 |  ♙  |  ♙  |  ♙  |  ♙  |     |  ♙  |  ♙  |  ♙  | 7
 +-----+-----+-----+-----+-----+-----+-----+-----+
 |     |     |     |     |     |     |     |     | 6
 +-----+-----+-----+-----+-----+-----+-----+-----+
 |     |     |     |     |  ♙  |     |     |     | 5
 +-----+-----+-----+-----+-----+-----+-----+-----+
 |     |     |     |  ♟  |  ♟  |     |     |     | 4
 +-----+-----+-----+-----+-----+-----+-----+-----+
 |     |     |     |     |     |     |     |     | 3
 +-----+-----+-----+-----+-----+-----+-----+-----+
 |  ♟  |  ♟  |  ♟  |     |     |  ♟  |  ♟  |  ♟  | 2
 +-----+-----+-----+-----+-----+-----+-----+-----+
 |  ♜  |  ♞  |  ♝  |  ♛  |  ♚  |  ♝  |  ♞  |  ♜  | 1
 +-----+-----+-----+-----+-----+-----+-----+-----+
[Black]
    a     b     c     d     e     f     g     h    
 +-----+-----+-----+-----+-----+-----+-----+-----+
 |  ♖  |  ♘  |  ♗  |  ♕  |  ♔  |  ♗  |  ♘  |  ♖  | 8
 +-----+-----+-----+-----+-----+-----+-----+-----+
 |  ♙  |  ♙  |  ♙  |  ♙  |     |     |  ♙  |  ♙  | 7
 +-----+-----+-----+-----+-----+-----+-----+-----+
 |     |     |     |     |     |     |     |     | 6
 +-----+-----+-----+-----+-----+-----+-----+-----+
 |     |     |     |     |  ♙  |  ♙  |     |     | 5
 +-----+-----+-----+-----+-----+-----+-----+-----+
 |     |     |     |  ♟  |  ♟  |     |     |     | 4
 +-----+-----+-----+-----+-----+-----+-----+-----+
 |     |     |     |     |     |     |     |     | 3
 +-----+-----+-----+-----+-----+-----+-----+-----+
 |  ♟  |  ♟  |  ♟  |     |     |  ♟  |  ♟  |  ♟  | 2
 +-----+-----+-----+-----+-----+-----+-----+-----+
 |  ♜  |  ♞  |  ♝  |  ♛  |  ♚  |  ♝  |  ♞  |  ♜  | 1
 +-----+-----+-----+-----+-----+-----+-----+-----+
[White]
    a     b     c     d     e     f     g     h    
 +-----+-----+-----+-----+-----+-----+-----+-----+
 |  ♖  |  ♘  |  ♗  |  ♕  |  ♔  |  ♗  |  ♘  |  ♖  | 8
 +-----+-----+-----+-----+-----+-----+-----+-----+
 |  ♙  |  ♙  |  ♙  |  ♙  |     |     |  ♙  |  ♙  | 7
 +-----+-----+-----+-----+-----+-----+-----+-----+
 |     |     |     |     |     |     |     |     | 6
 +-----+-----+-----+-----+-----+-----+-----+-----+
 |     |     |     |     |  ♙  |  ♙  |     |     | 5
 +-----+-----+-----+-----+-----+-----+-----+-----+
 |     |     |     |  ♟  |  ♟  |     |     |     | 4
 +-----+-----+-----+-----+-----+-----+-----+-----+
 |     |     |     |     |     |     |     |     | 3
 +-----+-----+-----+-----+-----+-----+-----+-----+
 |  ♟  |  ♟  |  ♟  |     |     |  ♟  |  ♟  |  ♟  | 2
 +-----+-----+-----+-----+-----+-----+-----+-----+
 |  ♜  |  ♞  |  ♝  |  ♛  |  ♚  |  ♝  |  ♞  |  ♜  | 1
 +-----+-----+-----+-----+-----+-----+-----+-----+
[White]
    a     b     c     d     e     f     g     h    
 +-----+-----+-----+-----+-----+-----+-----+-----+
 |  ♖  |  ♘  |  ♗  |  ♕  |  ♔  |  ♗  |  ♘  |  ♖  | 8
 +-----+-----+-----+-----+-----+-----+-----+-----+
 |  ♙  |  ♙  |  ♙  |  ♙  |     |     |  ♙  |  ♙  | 7
 +-----+-----+-----+-----+-----+-----+-----+-----+
 |  ♝  |     |     |     |     |     |     |     | 6
 +-----+-----+-----+-----+-----+-----+-----+-----+
 |     |     |     |     |  ♙  |  ♙  |     |     | 5
 +-----+-----+-----+-----+-----+-----+-----+-----+
 |     |     |     |  ♟  |  ♟  |     |     |     | 4
 +-----+-----+-----+-----+-----+-----+-----+-----+
 |     |     |     |     |     |     |     |     | 3
 +-----+-----+-----+-----+-----+-----+-----+-----+
 |  ♟  |  ♟  |  ♟  |     |     |  ♟  |  ♟  |  ♟  | 2
 +-----+-----+-----+-----+-----+-----+-----+-----+
 |  ♜  |  ♞  |  ♝  |  ♛  |  ♚  |     |  ♞  |  ♜  | 1
 +-----+-----+-----+-----+-----+-----+-----+-----+
[Black]
    a     b     c     d     e     f     g     h    
 +-----+-----+-----+-----+-----+-----+-----+-----+
 |  ♖  |  ♘  |  ♗  |  ♕  |  ♔  |  ♗  |  ♘  |  ♖  | 8
 +-----+-----+-----+-----+-----+-----+-----+-----+
 |  ♙  |  ♙  |  ♙  |  ♙  |     |     |  ♙  |  ♙  | 7
 +-----+-----+-----+-----+-----+-----+-----+-----+
 |  ♝  |     |     |     |     |     |     |     | 6
 +-----+-----+-----+-----+-----+-----+-----+-----+
 |     |     |     |     |  ♙  |  ♙  |     |     | 5
 +-----+-----+-----+-----+-----+-----+-----+-----+
 |     |     |     |  ♟  |  ♟  |     |     |     | 4
 +-----+-----+-----+-----+-----+-----+-----+-----+
 |     |     |     |     |     |     |     |     | 3
 +-----+-----+-----+-----+-----+-----+-----+-----+
 |  ♟  |  ♟  |  ♟  |     |     |  ♟  |  ♟  |  ♟  | 2
 +-----+-----+-----+-----+-----+-----+-----+-----+
 |  ♜  |  ♞  |  ♝  |  ♛  |  ♚  |     |  ♞  |  ♜  | 1
 +-----+-----+-----+-----+-----+-----+-----+-----+
[Black]
    a     b     c     d     e     f     g     h    
 +-----+-----+-----+-----+-----+-----+-----+-----+
 |  ♖  |  ♘  |  ♗  |  ♕  |  ♔  |  ♗  |  ♘  |  ♖  | 8
 +-----+-----+-----+-----+-----+-----+-----+-----+
 |  ♙  |  ♙  |  ♙  |  ♙  |     |     |  ♙  |  ♙  | 7
 +-----+-----+-----+-----+-----+-----+-----+-----+
 |  ♝  |     |     |     |     |     |     |     | 6
 +-----+-----+-----+-----+-----+-----+-----+-----+
 |     |     |     |     |  ♙  |  ♙  |     |     | 5
 +-----+-----+-----+-----+-----+-----+-----+-----+
 |     |     |     |  ♟  |  ♟  |     |     |     | 4
 +-----+-----+-----+-----+-----+-----+-----+-----+
 |     |     |     |     |     |     |     |     | 3
 +-----+-----+-----+-----+-----+-----+-----+-----+
 |  ♟  |  ♟  |  ♟  |     |     |  ♟  |  ♟  |  ♟  | 2
 +-----+-----+-----+-----+-----+-----+-----+-----+
 |  ♜  |  ♞  |  ♝  |  ♛  |  ♚  |     |  ♞  |  ♜  | 1
 +-----+-----+-----+-----+-----+-----+-----+-----+
[Black]
    a     b     c     d     e     f     g     h    
 +-----+-----+-----+-----+-----+-----+-----+-----+
 |  ♖  |  ♘  |  ♗  |  ♕  |  ♔  |  ♗  |  ♘  |  ♖  | 8
 +-----+-----+-----+-----+-----+-----+-----+-----+
 |  ♙  |     |  ♙  |  ♙  |     |     |  ♙  |  ♙  | 7
 +-----+-----+-----+-----+-----+-----+-----+-----+
 |  ♙  |     |     |     |     |     |     |     | 6
 +-----+-----+-----+-----+-----+-----+-----+-----+
 |     |     |     |     |  ♙  |  ♙  |     |     | 5
 +-----+-----+-----+-----+-----+-----+-----+-----+
 |     |     |     |  ♟  |  ♟  |     |     |     | 4
 +-----+-----+-----+-----+-----+-----+-----+-----+
 |     |     |     |     |     |     |     |     | 3
 +-----+-----+-----+-----+-----+-----+-----+-----+
 |  ♟  |  ♟  |  ♟  |     |     |  ♟  |  ♟  |  ♟  | 2
 +-----+-----+-----+-----+-----+-----+-----+-----+
 |  ♜  |  ♞  |  ♝  |  ♛  |  ♚  |     |  ♞  |  ♜  | 1
 +-----+-----+-----+-----+-----+-----+-----+-----+
[White]
    a     b     c     d     e     f     g     h    
 +-----+-----+-----+-----+-----+-----+-----+-----+
 |  ♖  |  ♘  |  ♗  |  ♕  |  ♔  |  ♗  |  ♘  |  ♖  | 8
 +-----+-----+-----+-----+-----+-----+-----+-----+
 |  ♙  |     |  ♙  |  ♙  |     |     |  ♙  |  ♙  | 7
 +-----+-----+-----+-----+-----+-----+-----+-----+
 |  ♙  |     |     |     |     |     |     |     | 6
 +-----+-----+-----+-----+-----+-----+-----+-----+
 |     |     |     |  ♟  |  ♙  |  ♙  |     |     | 5
 +-----+-----+-----+-----+-----+-----+-----+-----+
 |     |     |     |     |  ♟  |     |     |     | 4
 +-----+-----+-----+-----+-----+-----+-----+-----+
 |     |     |     |     |     |     |     |     | 3
 +-----+-----+-----+-----+-----+-----+-----+-----+
 |  ♟  |  ♟  |  ♟  |     |     |  ♟  |  ♟  |  ♟  | 2
 +-----+-----+-----+-----+-----+-----+-----+-----+
 |  ♜  |  ♞  |  ♝  |  ♛  |  ♚  |     |  ♞  |  ♜  | 1
 +-----+-----+-----+-----+-----+-----+-----+-----+
[Black]
    a     b     c     d     e     f     g     h    
 +-----+-----+-----+-----+-----+-----+-----+-----+
 |  ♖  |  ♘  |  ♗  |  ♕  |  ♔  |  ♗  |  ♘  |  ♖  | 8
 +-----+-----+-----+-----+-----+-----+-----+-----+
 |  ♙  |     |  ♙  |  ♙  |     |     |  ♙  |  ♙  | 7
 +-----+-----+-----+-----+-----+-----+-----+-----+
 |  ♙  |     |     |     |     |     |     |     | 6
 +-----+-----+-----+-----+-----+-----+-----+-----+
 |     |     |     |  ♟  |  ♙  |  ♙  |     |     | 5
 +-----+-----+-----+-----+-----+-----+-----+-----+
 |     |     |     |     |  ♟  |     |     |     | 4
 +-----+-----+-----+-----+-----+-----+-----+-----+
 |     |     |     |     |     |     |     |     | 3
 +-----+-----+-----+-----+-----+-----+-----+-----+
 |  ♟  |  ♟  |  ♟  |     |     |  ♟  |  ♟  |  ♟  | 2
 +-----+-----+-----+-----+-----+-----+-----+-----+
 |  ♜  |  ♞  |  ♝  |  ♛  |  ♚  |     |  ♞  |  ♜  | 1
 +-----+-----+-----+-----+-----+-----+-----+-----+
[Black]
    a     b     c     d     e     f     g     h    
 +-----+-----+-----+-----+-----+-----+-----+-----+
 |  ♖  |  ♘  |  ♗  |  ♕  |  ♔  |  ♗  |  ♘  |  ♖  | 8
 +-----+-----+-----+-----+-----+-----+-----+-----+
 |  ♙  |     |     |  ♙  |     |     |  ♙  |  ♙  | 7
 +-----+-----+-----+-----+-----+-----+-----+-----+
 |  ♙  |     |     |     |     |     |     |     | 6
 +-----+-----+-----+-----+-----+-----+-----+-----+
 |     |     |  ♙  |  ♟  |  ♙  |  ♙  |     |     | 5
 +-----+-----+-----+-----+-----+-----+-----+-----+
 |     |     |     |     |  ♟  |     |     |     | 4
 +-----+-----+-----+-----+-----+-----+-----+-----+
 |     |     |     |     |     |     |     |     | 3
 +-----+-----+-----+-----+-----+-----+-----+-----+
 |  ♟  |  ♟  |  ♟  |     |     |  ♟  |  ♟  |  ♟  | 2
 +-----+-----+-----+-----+-----+-----+-----+-----+
 |  ♜  |  ♞  |  ♝  |  ♛  |  ♚  |     |  ♞  |  ♜  | 1
 +-----+-----+-----+-----+-----+-----+-----+-----+
[White]
wR,wN,wB,wQ,wK,,wN,wR,wP,wP,wP,,,wP,wP,wP,,,,,,,,,,,,,wP,,,,,,bP,wP,bP,bP,,,bP,,,,,,,,bP,,,bP,,,bP,bP,bR,bN,bB,bQ,bK,bB,bN,bR, ?-?
  -> [0;32mreference position: OK[0m
  -> [0;32mreference result: OK[0m
  -> [0m(exit code=0)
[0;33m> data/1-ill-rook-1.txt[0m
    a     b     c     d     e     f     g     h    
 +-----+-----+-----+-----+-----+-----+-----+-----+
 |  ♖  |  ♘  |  ♗  |  ♕  |  ♔  |  ♗  |  ♘  |  ♖  | 8
 +-----+-----+-----+-----+-----+-----+-----+-----+
 |  ♙  |  ♙  |  ♙  |  ♙  |  ♙  |  ♙  |  ♙  |  ♙  | 7
 +-----+-----+-----+-----+-----+-----+-----+-----+
 |     |     |     |     |     |     |     |     | 6
 +-----+-----+-----+-----+-----+-----+-----+-----+
 |     |     |     |     |     |     |     |     | 5
 +-----+-----+-----+-----+-----+-----+-----+-----+
 |     |     |     |     |     |     |     |     | 4
 +-----+-----+-----+-----+-----+-----+-----+-----+
 |     |     |     |     |     |     |     |     | 3
 +-----+-----+-----+-----+-----+-----+-----+-----+
 |  ♟  |  ♟  |  ♟  |  ♟  |  ♟  |  ♟  |  ♟  |  ♟  | 2
 +-----+-----+-----+-----+-----+-----+-----+-----+
 |  ♜  |  ♞  |  ♝  |  ♛  |  ♚  |  ♝  |  ♞  |  ♜  | 1
 +-----+-----+-----+-----+-----+-----+-----+-----+
[White]
    a     b     c     d     e     f     g     h    
 +-----+-----+-----+-----+-----+-----+-----+-----+
 |  ♖  |  ♘  |  ♗  |  ♕  |  ♔  |  ♗  |  ♘  |  ♖  | 8
 +-----+-----+-----+-----+-----+-----+-----+-----+
 |  ♙  |  ♙  |  ♙  |  ♙  |  ♙  |  ♙  |  ♙  |  ♙  | 7
 +-----+-----+-----+-----+-----+-----+-----+-----+
 |     |     |     |     |     |     |     |     | 6
 +-----+-----+-----+-----+-----+-----+-----+-----+
 |     |     |     |     |     |     |     |     | 5
 +-----+-----+-----+-----+-----+-----+-----+-----+
 |     |     |     |     |     |     |     |     | 4
 +-----+-----+-----+-----+-----+-----+-----+-----+
 |     |     |     |     |     |     |     |     | 3
 +-----+-----+-----+-----+-----+-----+-----+-----+
 |  ♟  |  ♟  |  ♟  |  ♟  |  ♟  |  ♟  |  ♟  |  ♟  | 2
 +-----+-----+-----+-----+-----+-----+-----+-----+
 |  ♜  |  ♞  |  ♝  |  ♛  |  ♚  |  ♝  |  ♞  |  ♜  | 1
 +-----+-----+-----+-----+-----+-----+-----+-----+
[White]
    a     b     c     d     e     f     g     h    
 +-----+-----+-----+-----+-----+-----+-----+-----+
 |  ♖  |  ♘  |  ♗  |  ♕  |  ♔  |  ♗  |  ♘  |  ♖  | 8
 +-----+-----+-----+-----+-----+-----+-----+-----+
 |  ♙  |  ♙  |  ♙  |  ♙  |  ♙  |  ♙  |  ♙  |  ♙  | 7
 +-----+-----+-----+-----+-----+-----+-----+-----+
 |     |     |     |     |     |     |     |     | 6
 +-----+-----+-----+-----+-----+-----+-----+-----+
 |     |     |     |     |     |     |     |     | 5
 +-----+-----+-----+-----+-----+-----+-----+-----+
 |  ♟  |     |     |     |     |     |     |     | 4
 +-----+-----+-----+-----+-----+-----+-----+-----+
 |     |     |     |     |     |     |     |     | 3
 +-----+-----+-----+-----+-----+-----+-----+-----+
 |     |  ♟  |  ♟  |  ♟  |  ♟  |  ♟  |  ♟  |  ♟  | 2
 +-----+-----+-----+-----+-----+-----+-----+-----+
 |  ♜  |  ♞  |  ♝  |  ♛  |  ♚  |  ♝  |  ♞  |  ♜  | 1
 +-----+-----+-----+-----+-----+-----+-----+-----+
[Black]
    a     b     c     d     e     f     g     h    
 +-----+-----+-----+-----+-----+-----+-----+-----+
 |  ♖  |  ♘  |  ♗  |  ♕  |  ♔  |  ♗  |  ♘  |  ♖  | 8
 +-----+-----+-----+-----+-----+-----+-----+-----+
 |  ♙  |  ♙  |  ♙  |  ♙  |  ♙  |  ♙  |  ♙  |  ♙  | 7
 +-----+-----+-----+-----+-----+-----+-----+-----+
 |     |     |     |     |     |     |     |     | 6
 +-----+-----+-----+-----+-----+-----+-----+-----+
 |     |     |     |     |     |     |     |     | 5
 +-----+-----+-----+-----+-----+-----+-----+-----+
 |  ♟  |     |     |     |     |     |     |     | 4
 +-----+-----+-----+-----+-----+-----+-----+-----+
 |     |     |     |     |     |     |     |     | 3
 +-----+-----+-----+-----+-----+-----+-----+-----+
 |     |  ♟  |  ♟  |  ♟  |  ♟  |  ♟  |  ♟  |  ♟  | 2
 +-----+-----+-----+-----+-----+-----+-----+-----+
 |  ♜  |  ♞  |  ♝  |  ♛  |  ♚  |  ♝  |  ♞  |  ♜  | 1
 +-----+-----+-----+-----+-----+-----+-----+-----+
[Black]
    a     b     c     d     e     f     g     h    
 +-----+-----+-----+-----+-----+-----+-----+-----+
 |  ♖  |  ♘  |  ♗  |  ♕  |  ♔  |  ♗  |  ♘  |  ♖  | 8
 +-----+-----+-----+-----+-----+-----+-----+-----+
 |  ♙  |     |  ♙  |  ♙  |  ♙  |  ♙  |  ♙  |  ♙  | 7
 +-----+-----+-----+-----+-----+-----+-----+-----+
 |     |     |     |     |     |     |     |     | 6
 +-----+-----+-----+-----+-----+-----+-----+-----+
 |     |  ♙  |     |     |     |     |     |     | 5
 +-----+-----+-----+-----+-----+-----+-----+-----+
 |  ♟  |     |     |     |     |     |     |     | 4
 +-----+-----+-----+-----+-----+-----+-----+-----+
 |     |     |     |     |     |     |     |     | 3
 +-----+-----+-----+-----+-----+-----+-----+-----+
 |     |  ♟  |  ♟  |  ♟  |  ♟  |  ♟  |  ♟  |  ♟  | 2
 +-----+-----+-----+-----+-----+-----+-----+-----+
 |  ♜  |  ♞  |  ♝  |  ♛  |  ♚  |  ♝  |  ♞  |  ♜  | 1
 +-----+-----+-----+-----+-----+-----+-----+-----+
[White]
    a     b     c     d     e     f     g     h    
 +-----+-----+-----+-----+-----+-----+-----+-----+
 |  ♖  |  ♘  |  ♗  |  ♕  |  ♔  |  ♗  |  ♘  |  ♖  | 8
 +-----+-----+-----+-----+-----+-----+-----+-----+
 |  ♙  |     |  ♙  |  ♙  |  ♙  |  ♙  |  ♙  |  ♙  | 7
 +-----+-----+-----+-----+-----+-----+-----+-----+
 |     |     |     |     |     |     |     |     | 6
 +-----+-----+-----+-----+-----+-----+-----+-----+
 |     |  ♟  |     |     |     |     |     |     | 5
 +-----+-----+-----+-----+-----+-----+-----+-----+
 |     |     |     |     |     |     |     |     | 4
 +-----+-----+-----+-----+-----+-----+-----+-----+
 |     |     |     |     |     |     |     |     | 3
 +-----+-----+-----+-----+-----+-----+-----+-----+
 |     |  ♟  |  ♟  |  ♟  |  ♟  |  ♟  |  ♟  |  ♟  | 2
 +-----+-----+-----+-----+-----+-----+-----+-----+
 |  ♜  |  ♞  |  ♝  |  ♛  |  ♚  |  ♝  |  ♞  |  ♜  | 1
 +-----+-----+-----+-----+-----+-----+-----+-----+
[Black]
    a     b     c     d     e     f     g     h    
 +-----+-----+-----+-----+-----+-----+-----+-----+
 |  ♖  |  ♘  |  ♗  |  ♕  |  ♔  |  ♗  |  ♘  |  ♖  | 8
 +-----+-----+-----+-----+-----+-----+-----+-----+
 |     |     |  ♙  |  ♙  |  ♙  |  ♙  |  ♙  |  ♙  | 7
 +-----+-----+-----+-----+-----+-----+-----+-----+
 |     |     |     |     |     |     |     |     | 6
 +-----+-----+-----+-----+-----+-----+-----+-----+
 |  ♙  |  ♟  |     |     |     |     |     |     | 5
 +-----+-----+-----+-----+-----+-----+-----+-----+
 |     |     |     |     |     |     |     |     | 4
 +-----+-----+-----+-----+-----+-----+-----+-----+
 |     |     |     |     |     |     |     |     | 3
 +-----+-----+-----+-----+-----+-----+-----+-----+
 |     |  ♟  |  ♟  |  ♟  |  ♟  |  ♟  |  ♟  |  ♟  | 2
 +-----+-----+-----+-----+-----+-----+-----+-----+
 |  ♜  |  ♞  |  ♝  |  ♛  |  ♚  |  ♝  |  ♞  |  ♜  | 1
 +-----+-----+-----+-----+-----+-----+-----+-----+
[White]
    a     b     c     d     e     f     g     h    
 +-----+-----+-----+-----+-----+-----+-----+-----+
 |  ♖  |  ♘  |  ♗  |  ♕  |  ♔  |  ♗  |  ♘  |  ♖  | 8
 +-----+-----+-----+-----+-----+-----+-----+-----+
 |     |     |  ♙  |  ♙  |  ♙  |  ♙  |  ♙  |  ♙  | 7
 +-----+-----+-----+-----+-----+-----+-----+-----+
 |     |     |     |     |     |     |     |     | 6
 +-----+-----+-----+-----+-----+-----+-----+-----+
 |  ♙  |  ♟  |     |     |     |     |     |     | 5
 +-----+-----+-----+-----+-----+-----+-----+-----+
 |     |     |     |     |     |     |     |     | 4
 +-----+-----+-----+-----+-----+-----+-----+-----+
 |     |     |     |     |     |     |     |     | 3
 +-----+-----+-----+-----+-----+-----+-----+-----+
 |     |  ♟  |  ♟  |  ♟  |  ♟  |  ♟  |  ♟  |  ♟  | 2
 +-----+-----+-----+-----+-----+-----+-----+-----+
 |  ♜  |  ♞  |  ♝  |  ♛  |  ♚  |  ♝  |  ♞  |  ♜  | 1
 +-----+-----+-----+-----+-----+-----+-----+-----+
[White]
    a     b     c     d     e     f     g     h    
 +-----+-----+-----+-----+-----+-----+-----+-----+
 |  ♖  |  ♘  |  ♗  |  ♕  |  ♔  |  ♗  |  ♘  |  ♖  | 8
 +-----+-----+-----+-----+-----+-----+-----+-----+
 |     |     |  ♙  |  ♙  |  ♙  |  ♙  |  ♙  |  ♙  | 7
 +-----+-----+-----+-----+-----+-----+-----+-----+
 |     |     |     |     |     |     |     |     | 6
 +-----+-----+-----+-----+-----+-----+-----+-----+
 |  ♙  |  ♟  |     |     |     |     |     |     | 5
 +-----+-----+-----+-----+-----+-----+-----+-----+
 |  ♜  |     |     |     |     |     |     |     | 4
 +-----+-----+-----+-----+-----+-----+-----+-----+
 |     |     |     |     |     |     |     |     | 3
 +-----+-----+-----+-----+-----+-----+-----+-----+
 |     |  ♟  |  ♟  |  ♟  |  ♟  |  ♟  |  ♟  |  ♟  | 2
 +-----+-----+-----+-----+-----+-----+-----+-----+
 |     |  ♞  |  ♝  |  ♛  |  ♚  |  ♝  |  ♞  |  ♜  | 1
 +-----+-----+-----+-----+-----+-----+-----+-----+
[Black]
    a     b     c     d     e     f     g     h    
 +-----+-----+-----+-----+-----+-----+-----+-----+
 |  ♖  |  ♘  |  ♗  |  ♕  |  ♔  |  ♗  |  ♘  |  ♖  | 8
 +-----+-----+-----+-----+-----+-----+-----+-----+
 |     |     |  ♙  |  ♙  |  ♙  |  ♙  |  ♙  |  ♙  | 7
 +-----+-----+-----+-----+-----+-----+-----+-----+
 |     |     |     |     |     |     |     |     | 6
 +-----+-----+-----+-----+-----+-----+-----+-----+
 |  ♙  |  ♟  |     |     |     |     |     |     | 5
 +-----+-----+-----+-----+-----+-----+-----+-----+
 |  ♜  |     |     |     |     |     |     |     | 4
 +-----+-----+-----+-----+-----+-----+-----+-----+
 |     |     |     |     |     |     |     |     | 3
 +-----+-----+-----+-----+-----+-----+-----+-----+
 |     |  ♟  |  ♟  |  ♟  |  ♟  |  ♟  |  ♟  |  ♟  | 2
 +-----+-----+-----+-----+-----+-----+-----+-----+
 |     |  ♞  |  ♝  |  ♛  |  ♚  |  ♝  |  ♞  |  ♜  | 1
 +-----+-----+-----+-----+-----+-----+-----+-----+
[Black]
    a     b     c     d     e     f     g     h    
 +-----+-----+-----+-----+-----+-----+-----+-----+
 |     |  ♘  |  ♗  |  ♕  |  ♔  |  ♗  |  ♘  |  ♖  | 8
 +-----+-----+-----+-----+-----+-----+-----+-----+
 |  ♖  |     |  ♙  |  ♙  |  ♙  |  ♙  |  ♙  |  ♙  | 7
 +-----+-----+-----+-----+-----+-----+-----+-----+
 |     |     |     |     |     |     |     |     | 6
 +-----+-----+-----+-----+-----+-----+-----+-----+
 |  ♙  |  ♟  |     |     |     |     |     |     | 5
 +-----+-----+-----+-----+-----+-----+-----+-----+
 |  ♜  |     |     |     |     |     |     |     | 4
 +-----+-----+-----+-----+-----+-----+-----+-----+
 |     |     |     |     |     |     |     |     | 3
 +-----+-----+-----+-----+-----+-----+-----+-----+
 |     |  ♟  |  ♟  |  ♟  |  ♟  |  ♟  |  ♟  |  ♟  | 2
 +-----+-----+-----+-----+-----+-----+-----+-----+
 |     |  ♞  |  ♝  |  ♛  |  ♚  |  ♝  |  ♞  |  ♜  | 1
 +-----+-----+-----+-----+-----+-----+-----+-----+
[White]
    a     b     c     d     e     f     g     h    
 +-----+-----+-----+-----+-----+-----+-----+-----+
 |     |  ♘  |  ♗  |  ♕  |  ♔  |  ♗  |  ♘  |  ♖  | 8
 +-----+-----+-----+-----+-----+-----+-----+-----+
 |  ♖  |     |  ♙  |  ♙  |  ♙  |  ♙  |  ♙  |  ♙  | 7
 +-----+-----+-----+-----+-----+-----+-----+-----+
 |     |     |     |     |     |     |     |     | 6
 +-----+-----+-----+-----+-----+-----+-----+-----+
 |  ♙  |  ♟  |     |     |     |     |     |     | 5
 +-----+-----+-----+-----+-----+-----+-----+-----+
 |     |     |     |     |     |  ♜  |     |     | 4
 +-----+-----+-----+-----+-----+-----+-----+-----+
 |     |     |     |     |     |     |     |     | 3
 +-----+-----+-----+-----+-----+-----+-----+-----+
 |     |  ♟  |  ♟  |  ♟  |  ♟  |  ♟  |  ♟  |  ♟  | 2
 +-----+-----+-----+-----+-----+-----+-----+-----+
 |     |  ♞  |  ♝  |  ♛  |  ♚  |  ♝  |  ♞  |  ♜  | 1
 +-----+-----+-----+-----+-----+-----+-----+-----+
[Black]
,wN,wB,wQ,wK,wB,wN,wR,,wP,wP,wP,wP,wP,wP,wP,,,,,,,,,,,,,,wR,,,bP,wP,,,,,,,,,,,,,,,bR,,bP,bP,bP,bP,bP,bP,,bN,bB,bQ,bK,bB,bN,bR, ?-?
  -> [0;32mreference position: OK[0m
  -> [0;32mreference result: OK[0m
  -> [0m(exit code=0)
